[18:53:33][no_game_date][defines.cpp:270]: 4470 defines loaded
[18:53:49][no_game_date][gamestate.cpp:2844]: Loaded 16815 provinces.
[18:53:54][no_game_date][gameapplication.cpp:2968]: Resetting game
[18:53:54][2160.01.01.01][history.cpp:165]: Executing History from -1.1.1.1 to  2.1.1.1
[18:53:54][2160.01.01.12][history.cpp:165]: Executing History from 2.1.1.1 to  2160.1.1.12
[18:54:12][2167.03.03.21][frontend.cpp:682]: 

		[[ Launching SINGLEPLAYER-game ]]
	Start-date: 2167.3.3.21

[18:54:13][2167.03.03.21][ingameidler.cpp:5173]: Start RestoreDeviceObjects
[18:54:15][2167.03.03.21][ingameidler.cpp:5323]: End RestoreDeviceObjects
[18:54:23][2167.03.20.01][effectbase.cpp:1783]: VAL_PEACE_TRACE before_conference winner=VAL loser=STP
[18:54:23][2167.03.20.01][effectbase.cpp:1783]: VAL_PEACE_TRACE country=VAL ROOT=VAL FROM=STP
[18:54:23][2167.03.20.01][effectbase.cpp:1783]: VAL_PEACE_TRACE exists=yes
[18:54:23][2167.03.20.01][effectbase.cpp:1783]: VAL_PEACE_TRACE major=yes
[18:54:23][2167.03.20.01][effectbase.cpp:1783]: VAL_PEACE_TRACE faction_leader=VAL
[18:54:23][2167.03.20.01][effectbase.cpp:1783]: VAL_PEACE_TRACE final_phase=2 frontier_stage=0
[18:54:23][2167.03.20.01][effectbase.cpp:1783]: VAL_PEACE_TRACE capital_controller=VAL
[18:54:23][2167.03.20.01][effectbase.cpp:1783]: VAL_PEACE_TRACE country=STP ROOT=VAL FROM=STP
[18:54:23][2167.03.20.01][effectbase.cpp:1783]: VAL_PEACE_TRACE exists=yes
[18:54:23][2167.03.20.01][effectbase.cpp:1783]: VAL_PEACE_TRACE war_with_VAL=yes
[18:54:23][2167.03.20.01][effectbase.cpp:1783]: VAL_PEACE_TRACE capitulated=yes
[18:54:23][2167.03.20.01][effectbase.cpp:1783]: VAL_PEACE_TRACE overlord=NOD
[18:54:23][2167.03.20.01][effectbase.cpp:1783]: VAL_PEACE_TRACE faction_leader=NOD
[18:54:23][2167.03.20.01][effectbase.cpp:1783]: VAL_PEACE_TRACE final_member=yes
[18:54:23][2167.03.20.01][effectbase.cpp:1783]: VAL_PEACE_TRACE final_pending=yes
[18:54:23][2167.03.20.01][effectbase.cpp:1783]: VAL_PEACE_TRACE capital_controller=STP
[18:54:23][2167.03.20.01][effectbase.cpp:1783]: VAL_PEACE_TRACE country=STS ROOT=VAL FROM=STP
[18:54:23][2167.03.20.01][effectbase.cpp:1783]: VAL_PEACE_TRACE capitulated=yes
[18:54:23][2167.03.20.01][effectbase.cpp:1783]: VAL_PEACE_TRACE major=yes
[18:54:23][2167.03.20.01][effectbase.cpp:1783]: VAL_PEACE_TRACE country=NOD ROOT=VAL FROM=STP
[18:54:23][2167.03.20.01][effectbase.cpp:1783]: VAL_PEACE_TRACE exists=yes
[18:54:23][2167.03.20.01][effectbase.cpp:1783]: VAL_PEACE_TRACE war_with_VAL=yes
[18:54:23][2167.03.20.01][effectbase.cpp:1783]: VAL_PEACE_TRACE major=yes
[18:54:23][2167.03.20.01][effectbase.cpp:1783]: VAL_PEACE_TRACE faction_leader=NOD
[18:54:23][2167.03.20.01][effectbase.cpp:1783]: VAL_PEACE_TRACE final_member=yes
[18:54:23][2167.03.20.01][effectbase.cpp:1783]: VAL_PEACE_TRACE capital_controller=NOD
[18:54:23][2167.03.20.01][effectbase.cpp:1783]: VAL_PEACE_TRACE country=AIN ROOT=VAL FROM=STP
[18:54:23][2167.03.20.01][effectbase.cpp:1783]: VAL_PEACE_TRACE exists=yes
[18:54:23][2167.03.20.01][effectbase.cpp:1783]: VAL_PEACE_TRACE war_with_VAL=yes
[18:54:23][2167.03.20.01][effectbase.cpp:1783]: VAL_PEACE_TRACE overlord=NOD
[18:54:23][2167.03.20.01][effectbase.cpp:1783]: VAL_PEACE_TRACE faction_leader=NOD
[18:54:23][2167.03.20.01][effectbase.cpp:1783]: VAL_PEACE_TRACE capital_controller=AIN
[18:54:23][2167.03.20.01][effectbase.cpp:1783]: VAL_PEACE_TRACE country=YPR ROOT=VAL FROM=STP
[18:54:23][2167.03.20.01][effectbase.cpp:1783]: VAL_PEACE_TRACE exists=yes
[18:54:23][2167.03.20.01][effectbase.cpp:1783]: VAL_PEACE_TRACE major=yes
[18:54:23][2167.03.20.01][effectbase.cpp:1783]: VAL_PEACE_TRACE faction_leader=YPR
[18:54:23][2167.03.20.01][effectbase.cpp:1783]: VAL_PEACE_TRACE capital_controller=YPR
[18:54:23][2167.03.20.01][effectbase.cpp:1783]: VAL_PEACE_TRACE country=COF ROOT=VAL FROM=STP
[18:54:23][2167.03.20.01][effectbase.cpp:1783]: VAL_PEACE_TRACE exists=yes
[18:54:23][2167.03.20.01][effectbase.cpp:1783]: VAL_PEACE_TRACE faction_leader=YPR
[18:54:23][2167.03.20.01][effectbase.cpp:1783]: VAL_PEACE_TRACE capital_controller=COF
[18:54:23][2167.03.20.01][effectbase.cpp:1783]: VAL_PEACE_TRACE country=TFF ROOT=VAL FROM=STP
[18:54:23][2167.03.20.01][effectbase.cpp:1783]: VAL_PEACE_TRACE exists=yes
[18:54:23][2167.03.20.01][effectbase.cpp:1783]: VAL_PEACE_TRACE faction_leader=YPR
[18:54:23][2167.03.20.01][effectbase.cpp:1783]: VAL_PEACE_TRACE capital_controller=TFF
[18:54:23][2167.03.20.01][effectbase.cpp:1783]: VAL_PEACE_TRACE before_conference winner=VAL loser=NOD
[18:54:23][2167.03.20.01][effectbase.cpp:1783]: VAL_PEACE_TRACE country=VAL ROOT=VAL FROM=NOD
[18:54:23][2167.03.20.01][effectbase.cpp:1783]: VAL_PEACE_TRACE exists=yes
[18:54:23][2167.03.20.01][effectbase.cpp:1783]: VAL_PEACE_TRACE major=yes
[18:54:23][2167.03.20.01][effectbase.cpp:1783]: VAL_PEACE_TRACE faction_leader=VAL
[18:54:23][2167.03.20.01][effectbase.cpp:1783]: VAL_PEACE_TRACE final_phase=2 frontier_stage=0
[18:54:23][2167.03.20.01][effectbase.cpp:1783]: VAL_PEACE_TRACE capital_controller=VAL
[18:54:23][2167.03.20.01][effectbase.cpp:1783]: VAL_PEACE_TRACE country=STP ROOT=VAL FROM=NOD
[18:54:23][2167.03.20.01][effectbase.cpp:1783]: VAL_PEACE_TRACE exists=yes
[18:54:23][2167.03.20.01][effectbase.cpp:1783]: VAL_PEACE_TRACE war_with_VAL=yes
[18:54:23][2167.03.20.01][effectbase.cpp:1783]: VAL_PEACE_TRACE capitulated=yes
[18:54:23][2167.03.20.01][effectbase.cpp:1783]: VAL_PEACE_TRACE overlord=NOD
[18:54:23][2167.03.20.01][effectbase.cpp:1783]: VAL_PEACE_TRACE faction_leader=NOD
[18:54:23][2167.03.20.01][effectbase.cpp:1783]: VAL_PEACE_TRACE final_member=yes
[18:54:23][2167.03.20.01][effectbase.cpp:1783]: VAL_PEACE_TRACE final_pending=yes
[18:54:23][2167.03.20.01][effectbase.cpp:1783]: VAL_PEACE_TRACE capital_controller=STP
[18:54:23][2167.03.20.01][effectbase.cpp:1783]: VAL_PEACE_TRACE country=STS ROOT=VAL FROM=NOD
[18:54:23][2167.03.20.01][effectbase.cpp:1783]: VAL_PEACE_TRACE capitulated=yes
[18:54:23][2167.03.20.01][effectbase.cpp:1783]: VAL_PEACE_TRACE major=yes
[18:54:23][2167.03.20.01][effectbase.cpp:1783]: VAL_PEACE_TRACE country=NOD ROOT=VAL FROM=NOD
[18:54:23][2167.03.20.01][effectbase.cpp:1783]: VAL_PEACE_TRACE exists=yes
[18:54:23][2167.03.20.01][effectbase.cpp:1783]: VAL_PEACE_TRACE war_with_VAL=yes
[18:54:23][2167.03.20.01][effectbase.cpp:1783]: VAL_PEACE_TRACE major=yes
[18:54:23][2167.03.20.01][effectbase.cpp:1783]: VAL_PEACE_TRACE faction_leader=NOD
[18:54:23][2167.03.20.01][effectbase.cpp:1783]: VAL_PEACE_TRACE final_member=yes
[18:54:23][2167.03.20.01][effectbase.cpp:1783]: VAL_PEACE_TRACE capital_controller=NOD
[18:54:23][2167.03.20.01][effectbase.cpp:1783]: VAL_PEACE_TRACE country=AIN ROOT=VAL FROM=NOD
[18:54:23][2167.03.20.01][effectbase.cpp:1783]: VAL_PEACE_TRACE exists=yes
[18:54:23][2167.03.20.01][effectbase.cpp:1783]: VAL_PEACE_TRACE war_with_VAL=yes
[18:54:23][2167.03.20.01][effectbase.cpp:1783]: VAL_PEACE_TRACE overlord=NOD
[18:54:23][2167.03.20.01][effectbase.cpp:1783]: VAL_PEACE_TRACE faction_leader=NOD
[18:54:23][2167.03.20.01][effectbase.cpp:1783]: VAL_PEACE_TRACE capital_controller=AIN
[18:54:23][2167.03.20.01][effectbase.cpp:1783]: VAL_PEACE_TRACE country=YPR ROOT=VAL FROM=NOD
[18:54:23][2167.03.20.01][effectbase.cpp:1783]: VAL_PEACE_TRACE exists=yes
[18:54:23][2167.03.20.01][effectbase.cpp:1783]: VAL_PEACE_TRACE major=yes
[18:54:23][2167.03.20.01][effectbase.cpp:1783]: VAL_PEACE_TRACE faction_leader=YPR
[18:54:23][2167.03.20.01][effectbase.cpp:1783]: VAL_PEACE_TRACE capital_controller=YPR
[18:54:23][2167.03.20.01][effectbase.cpp:1783]: VAL_PEACE_TRACE country=COF ROOT=VAL FROM=NOD
[18:54:23][2167.03.20.01][effectbase.cpp:1783]: VAL_PEACE_TRACE exists=yes
[18:54:23][2167.03.20.01][effectbase.cpp:1783]: VAL_PEACE_TRACE faction_leader=YPR
[18:54:23][2167.03.20.01][effectbase.cpp:1783]: VAL_PEACE_TRACE capital_controller=COF
[18:54:23][2167.03.20.01][effectbase.cpp:1783]: VAL_PEACE_TRACE country=TFF ROOT=VAL FROM=NOD
[18:54:23][2167.03.20.01][effectbase.cpp:1783]: VAL_PEACE_TRACE exists=yes
[18:54:23][2167.03.20.01][effectbase.cpp:1783]: VAL_PEACE_TRACE faction_leader=YPR
[18:54:23][2167.03.20.01][effectbase.cpp:1783]: VAL_PEACE_TRACE capital_controller=TFF
[18:54:30][2167.03.20.01][effectbase.cpp:1783]: VAL_PEACE_TRACE on_peace_entry
[18:54:30][2167.03.20.01][effectbase.cpp:1783]: VAL_PEACE_TRACE country=VAL ROOT=VAL FROM=VAL
[18:54:30][2167.03.20.01][effectbase.cpp:1783]: VAL_PEACE_TRACE exists=yes
[18:54:30][2167.03.20.01][effectbase.cpp:1783]: VAL_PEACE_TRACE major=yes
[18:54:30][2167.03.20.01][effectbase.cpp:1783]: VAL_PEACE_TRACE faction_leader=VAL
[18:54:30][2167.03.20.01][effectbase.cpp:1783]: VAL_PEACE_TRACE final_phase=2 frontier_stage=0
[18:54:30][2167.03.20.01][effectbase.cpp:1783]: VAL_PEACE_TRACE capital_controller=VAL
[18:54:30][2167.03.20.01][effectbase.cpp:1783]: VAL_PEACE_TRACE on_peace_entry
[18:54:30][2167.03.20.01][effectbase.cpp:1783]: VAL_PEACE_TRACE country=STP ROOT=STP FROM=STP
[18:54:30][2167.03.20.01][effectbase.cpp:1783]: VAL_PEACE_TRACE exists=yes
[18:54:30][2167.03.20.01][effectbase.cpp:1783]: VAL_PEACE_TRACE capitulated=yes
[18:54:30][2167.03.20.01][effectbase.cpp:1783]: VAL_PEACE_TRACE overlord=NOD
[18:54:30][2167.03.20.01][effectbase.cpp:1783]: VAL_PEACE_TRACE faction_leader=NOD
[18:54:30][2167.03.20.01][effectbase.cpp:1783]: VAL_PEACE_TRACE final_member=yes
[18:54:30][2167.03.20.01][effectbase.cpp:1783]: VAL_PEACE_TRACE final_pending=yes
[18:54:30][2167.03.20.01][effectbase.cpp:1783]: VAL_PEACE_TRACE capital_controller=STP
[18:54:30][2167.03.20.01][effectbase.cpp:1783]: VAL_PEACE_TRACE on_peace_entry
[18:54:30][2167.03.20.01][effectbase.cpp:1783]: VAL_PEACE_TRACE country=NOD ROOT=NOD FROM=NOD
[18:54:30][2167.03.20.01][effectbase.cpp:1783]: VAL_PEACE_TRACE exists=yes
[18:54:30][2167.03.20.01][effectbase.cpp:1783]: VAL_PEACE_TRACE major=yes
[18:54:30][2167.03.20.01][effectbase.cpp:1783]: VAL_PEACE_TRACE faction_leader=NOD
[18:54:30][2167.03.20.01][effectbase.cpp:1783]: VAL_PEACE_TRACE final_member=yes
[18:54:30][2167.03.20.01][effectbase.cpp:1783]: VAL_PEACE_TRACE capital_controller=NOD
[18:54:31][2167.03.22.01][effectbase.cpp:1783]: VAL_PEACE_TRACE final_close ROOT=VAL FROM=VAL phase=2
