[io_pdx.updater] INFO:  Skipped update check. (already ran today)
[io_pdx] INFO:  Running io_pdx_mesh from d:\steam\steamapps\common\blender\blender.exe ((5, 2, 2))
[io_pdx] INFO:  C:\Users\Admin\AppData\Roaming\Blender Foundation\Blender\5.2\extensions\user_default\io_pdx_mesh
[io_pdx] INFO:  importing - C:\Users\Admin\Documents\Paradox Interactive\Hearts of Iron IV\mod\A-Discord\work\country-aircraft\DEF_early_fighter.mesh
[io_pdx] INFO:  creating node 1/1 - DEF_early_fighter
[io_pdx] INFO:  creating skeleton -
[io_pdx] INFO:  creating mesh -
[io_pdx] INFO:  creating material - PdxMeshAdvanced
[io_pdx] INFO:  creating skinning data -
[io_pdx] INFO:  creating locator 1/4 - root
[io_pdx] INFO:  creating locator 2/4 - gun1
[io_pdx] INFO:  creating locator 3/4 - gun2
[io_pdx] INFO:  creating locator 4/4 - bomb
[io_pdx] INFO:  import finished! (0.2257 sec)
00:07.437  render           | Saved: 'C:\Users\Admin\Documents\Paradox Interactive\Hearts of Iron IV\mod\A-Discord\work\country-aircraft\DEF_early_fighter_preview.png'
[io_pdx] INFO:  importing - C:\Users\Admin\Documents\Paradox Interactive\Hearts of Iron IV\mod\A-Discord\work\country-aircraft\DEF_early_cas.mesh
[io_pdx] INFO:  creating node 1/1 - DEF_early_cas
[io_pdx] INFO:  creating skeleton -
[io_pdx] INFO:  creating mesh -
[io_pdx] INFO:  creating material - PdxMeshAdvanced
[io_pdx] INFO:  creating skinning data -
[io_pdx] INFO:  creating locator 1/4 - root
[io_pdx] INFO:  creating locator 2/4 - gun1
[io_pdx] INFO:  creating locator 3/4 - gun2
[io_pdx] INFO:  creating locator 4/4 - bomb
[io_pdx] INFO:  import finished! (0.0548 sec)
00:13.047  render           | Saved: 'C:\Users\Admin\Documents\Paradox Interactive\Hearts of Iron IV\mod\A-Discord\work\country-aircraft\DEF_early_cas_preview.png'
[io_pdx] INFO:  importing - C:\Users\Admin\Documents\Paradox Interactive\Hearts of Iron IV\mod\A-Discord\work\country-aircraft\DEF_fighter.mesh
[io_pdx] INFO:  creating node 1/1 - DEF_fighter
[io_pdx] INFO:  creating skeleton -
[io_pdx] INFO:  creating mesh -
[io_pdx] INFO:  creating material - PdxMeshAdvanced
[io_pdx] INFO:  creating skinning data -
[io_pdx] INFO:  creating locator 1/4 - root
[io_pdx] INFO:  creating locator 2/4 - gun1
[io_pdx] INFO:  creating locator 3/4 - gun2
[io_pdx] INFO:  creating locator 4/4 - bomb
[io_pdx] INFO:  import finished! (0.0280 sec)
00:18.500  render           | Saved: 'C:\Users\Admin\Documents\Paradox Interactive\Hearts of Iron IV\mod\A-Discord\work\country-aircraft\DEF_fighter_preview.png'
[io_pdx] INFO:  importing - C:\Users\Admin\Documents\Paradox Interactive\Hearts of Iron IV\mod\A-Discord\work\country-aircraft\DEF_cas.mesh
[io_pdx] INFO:  creating node 1/1 - DEF_cas
[io_pdx] INFO:  creating skeleton -
[io_pdx] INFO:  creating mesh -
[io_pdx] INFO:  creating material - PdxMeshAdvanced
[io_pdx] INFO:  creating skinning data -
[io_pdx] INFO:  creating locator 1/4 - root
[io_pdx] INFO:  creating locator 2/4 - gun1
[io_pdx] INFO:  creating locator 3/4 - gun2
[io_pdx] INFO:  creating locator 4/4 - bomb
[io_pdx] INFO:  import finished! (0.0640 sec)
00:24.187  render           | Saved: 'C:\Users\Admin\Documents\Paradox Interactive\Hearts of Iron IV\mod\A-Discord\work\country-aircraft\DEF_cas_preview.png'
[io_pdx] INFO:  importing - C:\Users\Admin\Documents\Paradox Interactive\Hearts of Iron IV\mod\A-Discord\work\country-aircraft\DEF_future_fighter.mesh
[io_pdx] INFO:  creating node 1/1 - DEF_future_fighter
[io_pdx] INFO:  creating skeleton -
[io_pdx] INFO:  creating mesh -
[io_pdx] INFO:  creating material - PdxMeshAdvanced
[io_pdx] INFO:  creating skinning data -
[io_pdx] INFO:  creating locator 1/4 - root
[io_pdx] INFO:  creating locator 2/4 - gun1
[io_pdx] INFO:  creating locator 3/4 - gun2
[io_pdx] INFO:  creating locator 4/4 - bomb
[io_pdx] INFO:  import finished! (0.0356 sec)
00:29.375  render           | Saved: 'C:\Users\Admin\Documents\Paradox Interactive\Hearts of Iron IV\mod\A-Discord\work\country-aircraft\DEF_future_fighter_preview.png'
[io_pdx] INFO:  importing - C:\Users\Admin\Documents\Paradox Interactive\Hearts of Iron IV\mod\A-Discord\work\country-aircraft\DEF_future_cas.mesh
[io_pdx] INFO:  creating node 1/1 - DEF_future_cas
[io_pdx] INFO:  creating skeleton -
[io_pdx] INFO:  creating mesh -
[io_pdx] INFO:  creating material - PdxMeshAdvanced
[io_pdx] INFO:  creating skinning data -
[io_pdx] INFO:  creating locator 1/4 - root
[io_pdx] INFO:  creating locator 2/4 - gun1
[io_pdx] INFO:  creating locator 3/4 - gun2
[io_pdx] INFO:  creating locator 4/4 - bomb
[io_pdx] INFO:  import finished! (0.0505 sec)
00:34.875  render           | Saved: 'C:\Users\Admin\Documents\Paradox Interactive\Hearts of Iron IV\mod\A-Discord\work\country-aircraft\DEF_future_cas_preview.png'
[io_pdx] INFO:  importing - C:\Users\Admin\Documents\Paradox Interactive\Hearts of Iron IV\mod\A-Discord\work\country-aircraft\ARB_early_fighter.mesh
[io_pdx] INFO:  creating node 1/1 - ARB_early_fighter
[io_pdx] INFO:  creating skeleton -
[io_pdx] INFO:  creating mesh -
[io_pdx] INFO:  creating material - PdxMeshAdvanced
[io_pdx] INFO:  creating skinning data -
[io_pdx] INFO:  creating locator 1/4 - root
[io_pdx] INFO:  creating locator 2/4 - gun1
[io_pdx] INFO:  creating locator 3/4 - gun2
[io_pdx] INFO:  creating locator 4/4 - bomb
[io_pdx] INFO:  import finished! (0.0221 sec)
00:39.828  render           | Saved: 'C:\Users\Admin\Documents\Paradox Interactive\Hearts of Iron IV\mod\A-Discord\work\country-aircraft\ARB_early_fighter_preview.png'
[io_pdx] INFO:  importing - C:\Users\Admin\Documents\Paradox Interactive\Hearts of Iron IV\mod\A-Discord\work\country-aircraft\ARB_early_cas.mesh
[io_pdx] INFO:  creating node 1/1 - ARB_early_cas
[io_pdx] INFO:  creating skeleton -
[io_pdx] INFO:  creating mesh -
[io_pdx] INFO:  creating material - PdxMeshAdvanced
[io_pdx] INFO:  creating skinning data -
[io_pdx] INFO:  creating locator 1/4 - root
[io_pdx] INFO:  creating locator 2/4 - gun1
[io_pdx] INFO:  creating locator 3/4 - gun2
[io_pdx] INFO:  creating locator 4/4 - bomb
[io_pdx] INFO:  import finished! (0.0542 sec)
00:45.015  render           | Saved: 'C:\Users\Admin\Documents\Paradox Interactive\Hearts of Iron IV\mod\A-Discord\work\country-aircraft\ARB_early_cas_preview.png'
[io_pdx] INFO:  importing - C:\Users\Admin\Documents\Paradox Interactive\Hearts of Iron IV\mod\A-Discord\work\country-aircraft\ARB_fighter.mesh
[io_pdx] INFO:  creating node 1/1 - ARB_fighter
[io_pdx] INFO:  creating skeleton -
[io_pdx] INFO:  creating mesh -
[io_pdx] INFO:  creating material - PdxMeshAdvanced
[io_pdx] INFO:  creating skinning data -
[io_pdx] INFO:  creating locator 1/4 - root
[io_pdx] INFO:  creating locator 2/4 - gun1
[io_pdx] INFO:  creating locator 3/4 - gun2
[io_pdx] INFO:  creating locator 4/4 - bomb
[io_pdx] INFO:  import finished! (0.0302 sec)
00:50.156  render           | Saved: 'C:\Users\Admin\Documents\Paradox Interactive\Hearts of Iron IV\mod\A-Discord\work\country-aircraft\ARB_fighter_preview.png'
[io_pdx] INFO:  importing - C:\Users\Admin\Documents\Paradox Interactive\Hearts of Iron IV\mod\A-Discord\work\country-aircraft\ARB_cas.mesh
[io_pdx] INFO:  creating node 1/1 - ARB_cas
[io_pdx] INFO:  creating skeleton -
[io_pdx] INFO:  creating mesh -
[io_pdx] INFO:  creating material - PdxMeshAdvanced
[io_pdx] INFO:  creating skinning data -
[io_pdx] INFO:  creating locator 1/4 - root
[io_pdx] INFO:  creating locator 2/4 - gun1
[io_pdx] INFO:  creating locator 3/4 - gun2
[io_pdx] INFO:  creating locator 4/4 - bomb
[io_pdx] INFO:  import finished! (0.0362 sec)
00:55.750  render           | Saved: 'C:\Users\Admin\Documents\Paradox Interactive\Hearts of Iron IV\mod\A-Discord\work\country-aircraft\ARB_cas_preview.png'
[io_pdx] INFO:  importing - C:\Users\Admin\Documents\Paradox Interactive\Hearts of Iron IV\mod\A-Discord\work\country-aircraft\ARB_future_fighter.mesh
[io_pdx] INFO:  creating node 1/1 - ARB_future_fighter
[io_pdx] INFO:  creating skeleton -
[io_pdx] INFO:  creating mesh -
[io_pdx] INFO:  creating material - PdxMeshAdvanced
[io_pdx] INFO:  creating skinning data -
[io_pdx] INFO:  creating locator 1/4 - root
[io_pdx] INFO:  creating locator 2/4 - gun1
[io_pdx] INFO:  creating locator 3/4 - gun2
[io_pdx] INFO:  creating locator 4/4 - bomb
[io_pdx] INFO:  import finished! (0.0332 sec)
01:01.500  render           | Saved: 'C:\Users\Admin\Documents\Paradox Interactive\Hearts of Iron IV\mod\A-Discord\work\country-aircraft\ARB_future_fighter_preview.png'
[io_pdx] INFO:  importing - C:\Users\Admin\Documents\Paradox Interactive\Hearts of Iron IV\mod\A-Discord\work\country-aircraft\ARB_future_cas.mesh
[io_pdx] INFO:  creating node 1/1 - ARB_future_cas
[io_pdx] INFO:  creating skeleton -
[io_pdx] INFO:  creating mesh -
[io_pdx] INFO:  creating material - PdxMeshAdvanced
[io_pdx] INFO:  creating skinning data -
[io_pdx] INFO:  creating locator 1/4 - root
[io_pdx] INFO:  creating locator 2/4 - gun1
[io_pdx] INFO:  creating locator 3/4 - gun2
[io_pdx] INFO:  creating locator 4/4 - bomb
[io_pdx] INFO:  import finished! (0.0413 sec)
01:07.937  render           | Saved: 'C:\Users\Admin\Documents\Paradox Interactive\Hearts of Iron IV\mod\A-Discord\work\country-aircraft\ARB_future_cas_preview.png'
[io_pdx] INFO:  importing - C:\Users\Admin\Documents\Paradox Interactive\Hearts of Iron IV\mod\A-Discord\work\country-aircraft\WRK_early_fighter.mesh
[io_pdx] INFO:  creating node 1/1 - WRK_early_fighter
[io_pdx] INFO:  creating skeleton -
[io_pdx] INFO:  creating mesh -
[io_pdx] INFO:  creating material - PdxMeshAdvanced
[io_pdx] INFO:  creating skinning data -
[io_pdx] INFO:  creating locator 1/4 - root
[io_pdx] INFO:  creating locator 2/4 - gun1
[io_pdx] INFO:  creating locator 3/4 - gun2
[io_pdx] INFO:  creating locator 4/4 - bomb
[io_pdx] INFO:  import finished! (0.0336 sec)
01:13.359  render           | Saved: 'C:\Users\Admin\Documents\Paradox Interactive\Hearts of Iron IV\mod\A-Discord\work\country-aircraft\WRK_early_fighter_preview.png'
[io_pdx] INFO:  importing - C:\Users\Admin\Documents\Paradox Interactive\Hearts of Iron IV\mod\A-Discord\work\country-aircraft\WRK_early_cas.mesh
[io_pdx] INFO:  creating node 1/1 - WRK_early_cas
[io_pdx] INFO:  creating skeleton -
[io_pdx] INFO:  creating mesh -
[io_pdx] INFO:  creating material - PdxMeshAdvanced
[io_pdx] INFO:  creating skinning data -
[io_pdx] INFO:  creating locator 1/4 - root
[io_pdx] INFO:  creating locator 2/4 - gun1
[io_pdx] INFO:  creating locator 3/4 - gun2
[io_pdx] INFO:  creating locator 4/4 - bomb
[io_pdx] INFO:  import finished! (0.0651 sec)
01:19.593  render           | Saved: 'C:\Users\Admin\Documents\Paradox Interactive\Hearts of Iron IV\mod\A-Discord\work\country-aircraft\WRK_early_cas_preview.png'
[io_pdx] INFO:  importing - C:\Users\Admin\Documents\Paradox Interactive\Hearts of Iron IV\mod\A-Discord\work\country-aircraft\WRK_fighter.mesh
[io_pdx] INFO:  creating node 1/1 - WRK_fighter
[io_pdx] INFO:  creating skeleton -
[io_pdx] INFO:  creating mesh -
[io_pdx] INFO:  creating material - PdxMeshAdvanced
[io_pdx] INFO:  creating skinning data -
[io_pdx] INFO:  creating locator 1/4 - root
[io_pdx] INFO:  creating locator 2/4 - gun1
[io_pdx] INFO:  creating locator 3/4 - gun2
[io_pdx] INFO:  creating locator 4/4 - bomb
[io_pdx] INFO:  import finished! (0.0347 sec)
01:24.953  render           | Saved: 'C:\Users\Admin\Documents\Paradox Interactive\Hearts of Iron IV\mod\A-Discord\work\country-aircraft\WRK_fighter_preview.png'
[io_pdx] INFO:  importing - C:\Users\Admin\Documents\Paradox Interactive\Hearts of Iron IV\mod\A-Discord\work\country-aircraft\WRK_cas.mesh
[io_pdx] INFO:  creating node 1/1 - WRK_cas
[io_pdx] INFO:  creating skeleton -
[io_pdx] INFO:  creating mesh -
[io_pdx] INFO:  creating material - PdxMeshAdvanced
[io_pdx] INFO:  creating skinning data -
[io_pdx] INFO:  creating locator 1/4 - root
[io_pdx] INFO:  creating locator 2/4 - gun1
[io_pdx] INFO:  creating locator 3/4 - gun2
[io_pdx] INFO:  creating locator 4/4 - bomb
[io_pdx] INFO:  import finished! (0.0519 sec)
01:30.765  render           | Saved: 'C:\Users\Admin\Documents\Paradox Interactive\Hearts of Iron IV\mod\A-Discord\work\country-aircraft\WRK_cas_preview.png'
[io_pdx] INFO:  importing - C:\Users\Admin\Documents\Paradox Interactive\Hearts of Iron IV\mod\A-Discord\work\country-aircraft\WRK_future_fighter.mesh
[io_pdx] INFO:  creating node 1/1 - WRK_future_fighter
[io_pdx] INFO:  creating skeleton -
[io_pdx] INFO:  creating mesh -
[io_pdx] INFO:  creating material - PdxMeshAdvanced
[io_pdx] INFO:  creating skinning data -
[io_pdx] INFO:  creating locator 1/4 - root
[io_pdx] INFO:  creating locator 2/4 - gun1
[io_pdx] INFO:  creating locator 3/4 - gun2
[io_pdx] INFO:  creating locator 4/4 - bomb
[io_pdx] INFO:  import finished! (0.0340 sec)
01:36.547  render           | Saved: 'C:\Users\Admin\Documents\Paradox Interactive\Hearts of Iron IV\mod\A-Discord\work\country-aircraft\WRK_future_fighter_preview.png'
[io_pdx] INFO:  importing - C:\Users\Admin\Documents\Paradox Interactive\Hearts of Iron IV\mod\A-Discord\work\country-aircraft\WRK_future_cas.mesh
[io_pdx] INFO:  creating node 1/1 - WRK_future_cas
[io_pdx] INFO:  creating skeleton -
[io_pdx] INFO:  creating mesh -
[io_pdx] INFO:  creating material - PdxMeshAdvanced
[io_pdx] INFO:  creating skinning data -
[io_pdx] INFO:  creating locator 1/4 - root
[io_pdx] INFO:  creating locator 2/4 - gun1
[io_pdx] INFO:  creating locator 3/4 - gun2
[io_pdx] INFO:  creating locator 4/4 - bomb
[io_pdx] INFO:  import finished! (0.0479 sec)
01:43.000  render           | Saved: 'C:\Users\Admin\Documents\Paradox Interactive\Hearts of Iron IV\mod\A-Discord\work\country-aircraft\WRK_future_cas_preview.png'
[io_pdx] INFO:  importing - C:\Users\Admin\Documents\Paradox Interactive\Hearts of Iron IV\mod\A-Discord\work\country-aircraft\RUS_early_fighter.mesh
[io_pdx] INFO:  creating node 1/1 - RUS_early_fighter
[io_pdx] INFO:  creating skeleton -
[io_pdx] INFO:  creating mesh -
[io_pdx] INFO:  creating material - PdxMeshAdvanced
[io_pdx] INFO:  creating skinning data -
[io_pdx] INFO:  creating locator 1/4 - root
[io_pdx] INFO:  creating locator 2/4 - gun1
[io_pdx] INFO:  creating locator 3/4 - gun2
[io_pdx] INFO:  creating locator 4/4 - bomb
[io_pdx] INFO:  import finished! (0.0419 sec)
01:48.781  render           | Saved: 'C:\Users\Admin\Documents\Paradox Interactive\Hearts of Iron IV\mod\A-Discord\work\country-aircraft\RUS_early_fighter_preview.png'
[io_pdx] INFO:  importing - C:\Users\Admin\Documents\Paradox Interactive\Hearts of Iron IV\mod\A-Discord\work\country-aircraft\RUS_early_cas.mesh
[io_pdx] INFO:  creating node 1/1 - RUS_early_cas
[io_pdx] INFO:  creating skeleton -
[io_pdx] INFO:  creating mesh -
[io_pdx] INFO:  creating material - PdxMeshAdvanced
[io_pdx] INFO:  creating skinning data -
[io_pdx] INFO:  creating locator 1/4 - root
[io_pdx] INFO:  creating locator 2/4 - gun1
[io_pdx] INFO:  creating locator 3/4 - gun2
[io_pdx] INFO:  creating locator 4/4 - bomb
[io_pdx] INFO:  import finished! (0.0583 sec)
01:54.984  render           | Saved: 'C:\Users\Admin\Documents\Paradox Interactive\Hearts of Iron IV\mod\A-Discord\work\country-aircraft\RUS_early_cas_preview.png'
[io_pdx] INFO:  importing - C:\Users\Admin\Documents\Paradox Interactive\Hearts of Iron IV\mod\A-Discord\work\country-aircraft\RUS_fighter.mesh
[io_pdx] INFO:  creating node 1/1 - RUS_fighter
[io_pdx] INFO:  creating skeleton -
[io_pdx] INFO:  creating mesh -
[io_pdx] INFO:  creating material - PdxMeshAdvanced
[io_pdx] INFO:  creating skinning data -
[io_pdx] INFO:  creating locator 1/4 - root
[io_pdx] INFO:  creating locator 2/4 - gun1
[io_pdx] INFO:  creating locator 3/4 - gun2
[io_pdx] INFO:  creating locator 4/4 - bomb
[io_pdx] INFO:  import finished! (0.0531 sec)
02:00.859  render           | Saved: 'C:\Users\Admin\Documents\Paradox Interactive\Hearts of Iron IV\mod\A-Discord\work\country-aircraft\RUS_fighter_preview.png'
[io_pdx] INFO:  importing - C:\Users\Admin\Documents\Paradox Interactive\Hearts of Iron IV\mod\A-Discord\work\country-aircraft\RUS_cas.mesh
[io_pdx] INFO:  creating node 1/1 - RUS_cas
[io_pdx] INFO:  creating skeleton -
[io_pdx] INFO:  creating mesh -
[io_pdx] INFO:  creating material - PdxMeshAdvanced
[io_pdx] INFO:  creating skinning data -
[io_pdx] INFO:  creating locator 1/4 - root
[io_pdx] INFO:  creating locator 2/4 - gun1
[io_pdx] INFO:  creating locator 3/4 - gun2
[io_pdx] INFO:  creating locator 4/4 - bomb
[io_pdx] INFO:  import finished! (0.0473 sec)
02:06.875  render           | Saved: 'C:\Users\Admin\Documents\Paradox Interactive\Hearts of Iron IV\mod\A-Discord\work\country-aircraft\RUS_cas_preview.png'
[io_pdx] INFO:  importing - C:\Users\Admin\Documents\Paradox Interactive\Hearts of Iron IV\mod\A-Discord\work\country-aircraft\RUS_future_fighter.mesh
[io_pdx] INFO:  creating node 1/1 - RUS_future_fighter
[io_pdx] INFO:  creating skeleton -
[io_pdx] INFO:  creating mesh -
[io_pdx] INFO:  creating material - PdxMeshAdvanced
[io_pdx] INFO:  creating skinning data -
[io_pdx] INFO:  creating locator 1/4 - root
[io_pdx] INFO:  creating locator 2/4 - gun1
[io_pdx] INFO:  creating locator 3/4 - gun2
[io_pdx] INFO:  creating locator 4/4 - bomb
[io_pdx] INFO:  import finished! (0.0359 sec)
02:12.750  render           | Saved: 'C:\Users\Admin\Documents\Paradox Interactive\Hearts of Iron IV\mod\A-Discord\work\country-aircraft\RUS_future_fighter_preview.png'
[io_pdx] INFO:  importing - C:\Users\Admin\Documents\Paradox Interactive\Hearts of Iron IV\mod\A-Discord\work\country-aircraft\RUS_future_cas.mesh
[io_pdx] INFO:  creating node 1/1 - RUS_future_cas
[io_pdx] INFO:  creating skeleton -
[io_pdx] INFO:  creating mesh -
[io_pdx] INFO:  creating material - PdxMeshAdvanced
[io_pdx] INFO:  creating skinning data -
[io_pdx] INFO:  creating locator 1/4 - root
[io_pdx] INFO:  creating locator 2/4 - gun1
[io_pdx] INFO:  creating locator 3/4 - gun2
[io_pdx] INFO:  creating locator 4/4 - bomb
[io_pdx] INFO:  import finished! (0.0448 sec)
02:18.687  render           | Saved: 'C:\Users\Admin\Documents\Paradox Interactive\Hearts of Iron IV\mod\A-Discord\work\country-aircraft\RUS_future_cas_preview.png'
[io_pdx] INFO:  importing - C:\Users\Admin\Documents\Paradox Interactive\Hearts of Iron IV\mod\A-Discord\work\country-aircraft\NAM_early_fighter.mesh
[io_pdx] INFO:  creating node 1/1 - NAM_early_fighter
[io_pdx] INFO:  creating skeleton -
[io_pdx] INFO:  creating mesh -
[io_pdx] INFO:  creating material - PdxMeshAdvanced
[io_pdx] INFO:  creating skinning data -
[io_pdx] INFO:  creating locator 1/4 - root
[io_pdx] INFO:  creating locator 2/4 - gun1
[io_pdx] INFO:  creating locator 3/4 - gun2
[io_pdx] INFO:  creating locator 4/4 - bomb
[io_pdx] INFO:  import finished! (0.0335 sec)
02:24.515  render           | Saved: 'C:\Users\Admin\Documents\Paradox Interactive\Hearts of Iron IV\mod\A-Discord\work\country-aircraft\NAM_early_fighter_preview.png'
[io_pdx] INFO:  importing - C:\Users\Admin\Documents\Paradox Interactive\Hearts of Iron IV\mod\A-Discord\work\country-aircraft\NAM_early_cas.mesh
[io_pdx] INFO:  creating node 1/1 - NAM_early_cas
[io_pdx] INFO:  creating skeleton -
[io_pdx] INFO:  creating mesh -
[io_pdx] INFO:  creating material - PdxMeshAdvanced
[io_pdx] INFO:  creating skinning data -
[io_pdx] INFO:  creating locator 1/4 - root
[io_pdx] INFO:  creating locator 2/4 - gun1
[io_pdx] INFO:  creating locator 3/4 - gun2
[io_pdx] INFO:  creating locator 4/4 - bomb
[io_pdx] INFO:  import finished! (0.0512 sec)
02:30.375  render           | Saved: 'C:\Users\Admin\Documents\Paradox Interactive\Hearts of Iron IV\mod\A-Discord\work\country-aircraft\NAM_early_cas_preview.png'
[io_pdx] INFO:  importing - C:\Users\Admin\Documents\Paradox Interactive\Hearts of Iron IV\mod\A-Discord\work\country-aircraft\NAM_fighter.mesh
[io_pdx] INFO:  creating node 1/1 - NAM_fighter
[io_pdx] INFO:  creating skeleton -
[io_pdx] INFO:  creating mesh -
[io_pdx] INFO:  creating material - PdxMeshAdvanced
[io_pdx] INFO:  creating skinning data -
[io_pdx] INFO:  creating locator 1/4 - root
[io_pdx] INFO:  creating locator 2/4 - gun1
[io_pdx] INFO:  creating locator 3/4 - gun2
[io_pdx] INFO:  creating locator 4/4 - bomb
[io_pdx] INFO:  import finished! (0.0326 sec)
02:35.890  render           | Saved: 'C:\Users\Admin\Documents\Paradox Interactive\Hearts of Iron IV\mod\A-Discord\work\country-aircraft\NAM_fighter_preview.png'
[io_pdx] INFO:  importing - C:\Users\Admin\Documents\Paradox Interactive\Hearts of Iron IV\mod\A-Discord\work\country-aircraft\NAM_cas.mesh
[io_pdx] INFO:  creating node 1/1 - NAM_cas
[io_pdx] INFO:  creating skeleton -
[io_pdx] INFO:  creating mesh -
[io_pdx] INFO:  creating material - PdxMeshAdvanced
[io_pdx] INFO:  creating skinning data -
[io_pdx] INFO:  creating locator 1/4 - root
[io_pdx] INFO:  creating locator 2/4 - gun1
[io_pdx] INFO:  creating locator 3/4 - gun2
[io_pdx] INFO:  creating locator 4/4 - bomb
[io_pdx] INFO:  import finished! (0.0416 sec)
02:41.593  render           | Saved: 'C:\Users\Admin\Documents\Paradox Interactive\Hearts of Iron IV\mod\A-Discord\work\country-aircraft\NAM_cas_preview.png'
[io_pdx] INFO:  importing - C:\Users\Admin\Documents\Paradox Interactive\Hearts of Iron IV\mod\A-Discord\work\country-aircraft\NAM_future_fighter.mesh
[io_pdx] INFO:  creating node 1/1 - NAM_future_fighter
[io_pdx] INFO:  creating skeleton -
[io_pdx] INFO:  creating mesh -
[io_pdx] INFO:  creating material - PdxMeshAdvanced
[io_pdx] INFO:  creating skinning data -
[io_pdx] INFO:  creating locator 1/4 - root
[io_pdx] INFO:  creating locator 2/4 - gun1
[io_pdx] INFO:  creating locator 3/4 - gun2
[io_pdx] INFO:  creating locator 4/4 - bomb
[io_pdx] INFO:  import finished! (0.0403 sec)
02:47.093  render           | Saved: 'C:\Users\Admin\Documents\Paradox Interactive\Hearts of Iron IV\mod\A-Discord\work\country-aircraft\NAM_future_fighter_preview.png'
[io_pdx] INFO:  importing - C:\Users\Admin\Documents\Paradox Interactive\Hearts of Iron IV\mod\A-Discord\work\country-aircraft\NAM_future_cas.mesh
[io_pdx] INFO:  creating node 1/1 - NAM_future_cas
[io_pdx] INFO:  creating skeleton -
[io_pdx] INFO:  creating mesh -
[io_pdx] INFO:  creating material - PdxMeshAdvanced
[io_pdx] INFO:  creating skinning data -
[io_pdx] INFO:  creating locator 1/4 - root
[io_pdx] INFO:  creating locator 2/4 - gun1
[io_pdx] INFO:  creating locator 3/4 - gun2
[io_pdx] INFO:  creating locator 4/4 - bomb
[io_pdx] INFO:  import finished! (0.0419 sec)
02:53.375  render           | Saved: 'C:\Users\Admin\Documents\Paradox Interactive\Hearts of Iron IV\mod\A-Discord\work\country-aircraft\NAM_future_cas_preview.png'
Blender 5.2.2 LTS (hash d13f752e3b9c built 2026-09-15 01:37:04)

Blender quit
