test_external_peace_and_annexation_clear_only_the_affected_receipt (tools.tests.test_adiscord_val_nodrul_peace_recovery.KefreytNodrulPeaceRecoveryTests.test_external_peace_and_annexation_clear_only_the_affected_receipt) ... 
  test_external_peace_and_annexation_clear_only_the_affected_receipt (tools.tests.test_adiscord_val_nodrul_peace_recovery.KefreytNodrulPeaceRecoveryTests.test_external_peace_and_annexation_clear_only_the_affected_receipt) (hook='on_annex') ... FAIL
test_every_timed_receipt_is_reset_before_a_new_defeat_and_consumed_last (tools.tests.test_adiscord_peace_coalition_lifecycle.CoalitionLifecycleTests.test_every_timed_receipt_is_reset_before_a_new_defeat_and_consumed_last) ... FAIL
test_foreign_neutral_country_is_not_included_in_partition (tools.tests.test_adiscord_peace_coalition_lifecycle.CoalitionLifecycleTests.test_foreign_neutral_country_is_not_included_in_partition) ... FAIL
test_joint_awards_keep_every_pre_peace_capital_controller (tools.tests.test_adiscord_peace_coalition_lifecycle.CoalitionLifecycleTests.test_joint_awards_keep_every_pre_peace_capital_controller) ... FAIL

======================================================================
FAIL: test_external_peace_and_annexation_clear_only_the_affected_receipt (tools.tests.test_adiscord_val_nodrul_peace_recovery.KefreytNodrulPeaceRecoveryTests.test_external_peace_and_annexation_clear_only_the_affected_receipt) (hook='on_annex')
----------------------------------------------------------------------
Traceback (most recent call last):
  File "C:\Users\Admin\Documents\Paradox Interactive\Hearts of Iron IV\mod\A-Discord\tools\tests\test_adiscord_val_nodrul_peace_recovery.py", line 227, in test_external_peace_and_annexation_clear_only_the_affected_receipt
    self.assertEqual(entries[0].key, "FROM")
AssertionError: 'if' != 'FROM'
- if
+ FROM


======================================================================
FAIL: test_every_timed_receipt_is_reset_before_a_new_defeat_and_consumed_last (tools.tests.test_adiscord_peace_coalition_lifecycle.CoalitionLifecycleTests.test_every_timed_receipt_is_reset_before_a_new_defeat_and_consumed_last)
----------------------------------------------------------------------
Traceback (most recent call last):
  File "C:\Users\Admin\Documents\Paradox Interactive\Hearts of Iron IV\mod\A-Discord\tools\tests\test_adiscord_peace_coalition_lifecycle.py", line 812, in test_every_timed_receipt_is_reset_before_a_new_defeat_and_consumed_last
    self.assertEqual(f.flags["NOD"], {"VAL_final_defeat_pending"})
AssertionError: Items in the first set but not the second:
'RUS_crisis_capitulation_reserved'

======================================================================
FAIL: test_foreign_neutral_country_is_not_included_in_partition (tools.tests.test_adiscord_peace_coalition_lifecycle.CoalitionLifecycleTests.test_foreign_neutral_country_is_not_included_in_partition)
----------------------------------------------------------------------
Traceback (most recent call last):
  File "C:\Users\Admin\Documents\Paradox Interactive\Hearts of Iron IV\mod\A-Discord\tools\tests\test_adiscord_peace_coalition_lifecycle.py", line 911, in test_foreign_neutral_country_is_not_included_in_partition
    f.execute(f.effects[f"ADISCORD_bezhaysk_settle_{winner.lower()}_victory"])
  File "C:\Users\Admin\Documents\Paradox Interactive\Hearts of Iron IV\mod\A-Discord\tools\tests\test_adiscord_peace_coalition_lifecycle.py", line 163, in execute
    self.execute(self.effects[k], stack)
  File "C:\Users\Admin\Documents\Paradox Interactive\Hearts of Iron IV\mod\A-Discord\tools\tests\test_adiscord_peace_coalition_lifecycle.py", line 210, in execute
    super().execute([e], stack)
  File "C:\Users\Admin\Documents\Paradox Interactive\Hearts of Iron IV\mod\A-Discord\tools\tests\test_scripted_peace_on_actions.py", line 296, in execute
    raise AssertionError("Unsupported generic effect: " + key)
AssertionError: Unsupported generic effect: save_event_target_as

======================================================================
FAIL: test_joint_awards_keep_every_pre_peace_capital_controller (tools.tests.test_adiscord_peace_coalition_lifecycle.CoalitionLifecycleTests.test_joint_awards_keep_every_pre_peace_capital_controller)
----------------------------------------------------------------------
Traceback (most recent call last):
  File "C:\Users\Admin\Documents\Paradox Interactive\Hearts of Iron IV\mod\A-Discord\tools\tests\test_adiscord_peace_coalition_lifecycle.py", line 919, in test_joint_awards_keep_every_pre_peace_capital_controller
    f.execute(f.effects["ADISCORD_bezhaysk_settle_val_nod_joint_victory"])
  File "C:\Users\Admin\Documents\Paradox Interactive\Hearts of Iron IV\mod\A-Discord\tools\tests\test_adiscord_peace_coalition_lifecycle.py", line 163, in execute
    self.execute(self.effects[k], stack)
  File "C:\Users\Admin\Documents\Paradox Interactive\Hearts of Iron IV\mod\A-Discord\tools\tests\test_adiscord_peace_coalition_lifecycle.py", line 210, in execute
    super().execute([e], stack)
  File "C:\Users\Admin\Documents\Paradox Interactive\Hearts of Iron IV\mod\A-Discord\tools\tests\test_scripted_peace_on_actions.py", line 296, in execute
    raise AssertionError("Unsupported generic effect: " + key)
AssertionError: Unsupported generic effect: save_event_target_as

----------------------------------------------------------------------
Ran 4 tests in 0.346s

FAILED (failures=4)
