[17:33:30][no_game_date][dlc.cpp:142]: incorrect checksum for DLC
[17:33:30][no_game_date][dlc.cpp:218]: Invalid supported_version in  file: mod/ugc_3307069423.mod line: 10
[17:33:33][no_game_date][pdx_audio_sdl.cpp:963]: Sound with name 'sfx_ui_sd_module_turret_01' already added
[17:33:33][no_game_date][assetfactory_audio.cpp:467]: Could not load sound file 'sound/menu/sfx_ui_sd_module_turrent_01.wav' in  file: sound/sound.asset line: 730
[17:33:33][no_game_date][pdx_audio_sdl.cpp:963]: Sound with name 'sfx_ui_sd_module_sonar_01' already added
[17:33:33][no_game_date][assetfactory_audio.cpp:467]: Could not load sound file 'sound/menu/sfx_ui_sd_module_sonar_01.wav' in  file: sound/sound.asset line: 734
[17:33:33][no_game_date][pdx_audio_sdl.cpp:963]: Sound with name 'sfx_ui_sd_module_misc_01' already added
[17:33:33][no_game_date][assetfactory_audio.cpp:467]: Could not load sound file 'sound/menu/sfx_ui_sd_module_misc_01.wav' in  file: sound/sound.asset line: 738
[17:33:33][no_game_date][pdx_audio_sdl.cpp:963]: Sound with name 'sfx_ui_sd_module_engine_01' already added
[17:33:33][no_game_date][assetfactory_audio.cpp:467]: Could not load sound file 'sound/menu/sfx_ui_sd_module_engine_01.wav' in  file: sound/sound.asset line: 742
[17:33:33][no_game_date][pdx_audio.cpp:960]: Sound effect with name 'sfx_ui_sd_module_turret' already added
[17:33:33][no_game_date][pdx_audio.cpp:960]: Sound effect with name 'sfx_ui_sd_module_sonar' already added
[17:33:33][no_game_date][pdx_audio.cpp:960]: Sound effect with name 'sfx_ui_sd_module_default' already added
[17:33:33][no_game_date][pdx_audio.cpp:960]: Sound effect with name 'sfx_ui_sd_module_engine' already added
[17:33:33][no_game_date][pdx_audio.cpp:1118]: SoundEffect 'sfx_ui_sd_module_turret' already has category 'UI', old category will be overwritten
[17:33:33][no_game_date][pdx_audio.cpp:1118]: SoundEffect 'sfx_ui_sd_module_sonar' already has category 'UI', old category will be overwritten
[17:33:33][no_game_date][pdx_audio.cpp:1118]: SoundEffect 'sfx_ui_sd_module_default' already has category 'UI', old category will be overwritten
[17:33:33][no_game_date][pdx_audio.cpp:1118]: SoundEffect 'sfx_ui_sd_module_engine' already has category 'UI', old category will be overwritten
[17:33:38][no_game_date][pdx_entity.cpp:2172]: Duplicate of HOL_infantry_rider_entity added to entity system
[17:33:38][no_game_date][pdx_entity.cpp:2172]: Duplicate of HOL_cavalry_entity added to entity system
[17:33:38][no_game_date][pdx_entity.cpp:2172]: Duplicate of HOL_cavalry_rifle_combined_entity added to entity system
[17:33:38][no_game_date][pdx_entity.cpp:2172]: Duplicate of HOL_infantry_mg_rider_entity added to entity system
[17:33:38][no_game_date][pdx_entity.cpp:2172]: Duplicate of HOL_cavalry_mg_combined_entity added to entity system
[17:33:38][no_game_date][pdx_entity.cpp:2172]: Duplicate of HOL_cavalry_2_entity added to entity system
[17:33:38][no_game_date][pdx_entity.cpp:2172]: Duplicate of INS_infantry_rider_entity added to entity system
[17:33:38][no_game_date][pdx_entity.cpp:2172]: Duplicate of INS_cavalry_entity added to entity system
[17:33:38][no_game_date][pdx_entity.cpp:2172]: Duplicate of INS_cavalry_rifle_combined_entity added to entity system
[17:33:38][no_game_date][pdx_entity.cpp:2172]: Duplicate of INS_infantry_mg_rider_entity added to entity system
[17:33:38][no_game_date][pdx_entity.cpp:2172]: Duplicate of INS_cavalry_mg_combined_entity added to entity system
[17:33:38][no_game_date][pdx_entity.cpp:2172]: Duplicate of INS_cavalry_2_entity added to entity system
[17:33:38][no_game_date][pdx_entity.cpp:2172]: Duplicate of MEX_infantry_rider_entity added to entity system
[17:33:38][no_game_date][pdx_entity.cpp:2172]: Duplicate of MEX_cavalry_entity added to entity system
[17:33:38][no_game_date][pdx_entity.cpp:2172]: Duplicate of MEX_cavalry_rifle_combined_entity added to entity system
[17:33:38][no_game_date][pdx_entity.cpp:2172]: Duplicate of MEX_infantry_mg_rider_entity added to entity system
[17:33:38][no_game_date][pdx_entity.cpp:2172]: Duplicate of MEX_cavalry_mg_combined_entity added to entity system
[17:33:38][no_game_date][pdx_entity.cpp:2172]: Duplicate of MEX_cavalry_2_entity added to entity system
[17:33:38][no_game_date][pdx_entity.cpp:2172]: Duplicate of JAP_light_plane_1_entity added to entity system
[17:33:38][no_game_date][pdx_entity.cpp:2172]: Duplicate of JAP_light_plane_3_entity added to entity system
[17:33:38][no_game_date][pdx_entity.cpp:2277]: Duplicate of ADISCORD_WRK_early_fighter_entity added to entity system
[17:33:38][no_game_date][pdx_entity.cpp:2277]: Duplicate of ADISCORD_WRK_early_cas_entity added to entity system
[17:33:39][no_game_date][pdx_entity.cpp:324]: Failed to find entity "INS_bicycle_vehicle_entity" for attachment in bicycle
[17:33:39][no_game_date][pdx_entity.cpp:324]: Failed to find entity "INS_bicycle_vehicle_entity" for attachment in bicycle
[17:33:49][2160.01.01.12][gamelobby.cpp:1779]: Exception in: C:\mnt\gsg\hoi4\hoi4_merged\clausewitz\clausewitzlib\remotefile.cpp, line: 238. Description: Failed allocate data buffer.
[17:33:49][2160.01.01.12][gamelobby.cpp:1779]: Exception in: C:\mnt\gsg\hoi4\hoi4_merged\clausewitz\clausewitzlib\remotefile.cpp, line: 238. Description: Failed allocate data buffer.
[17:33:49][2160.01.01.12][gamelobby.cpp:1779]: Exception in: C:\mnt\gsg\hoi4\hoi4_merged\clausewitz\clausewitzlib\remotefile.cpp, line: 238. Description: Failed allocate data buffer.
[17:33:49][2160.01.01.12][gamelobby.cpp:1779]: Exception in: C:\mnt\gsg\hoi4\hoi4_merged\clausewitz\clausewitzlib\remotefile.cpp, line: 238. Description: Failed allocate data buffer.
[17:33:49][2160.01.01.12][gamelobby.cpp:1779]: Exception in: C:\mnt\gsg\hoi4\hoi4_merged\clausewitz\clausewitzlib\remotefile.cpp, line: 238. Description: Failed allocate data buffer.
[17:33:49][2160.01.01.12][gamelobby.cpp:1779]: Exception in: C:\mnt\gsg\hoi4\hoi4_merged\clausewitz\clausewitzlib\remotefile.cpp, line: 238. Description: Failed allocate data buffer.
[17:33:51][2160.01.01.12][pdx_audiosound_sdl.cpp:136]: For best performance and quality sound files should be in 44.1kHz (amb_neutral_wind_01)
[17:34:03][2160.01.01.12][gamelobby.cpp:1779]: Exception in: C:\mnt\gsg\hoi4\hoi4_merged\clausewitz\clausewitzlib\remotefile.cpp, line: 238. Description: Failed allocate data buffer.
[17:34:03][2160.01.01.12][gamelobby.cpp:1779]: Exception in: C:\mnt\gsg\hoi4\hoi4_merged\clausewitz\clausewitzlib\remotefile.cpp, line: 238. Description: Failed allocate data buffer.
[17:34:03][2160.01.01.12][gamelobby.cpp:1779]: Exception in: C:\mnt\gsg\hoi4\hoi4_merged\clausewitz\clausewitzlib\remotefile.cpp, line: 238. Description: Failed allocate data buffer.
[17:34:03][2160.01.01.12][gamelobby.cpp:1779]: Exception in: C:\mnt\gsg\hoi4\hoi4_merged\clausewitz\clausewitzlib\remotefile.cpp, line: 238. Description: Failed allocate data buffer.
[17:34:03][2160.01.01.12][gamelobby.cpp:1779]: Exception in: C:\mnt\gsg\hoi4\hoi4_merged\clausewitz\clausewitzlib\remotefile.cpp, line: 238. Description: Failed allocate data buffer.
[17:34:03][2160.01.01.12][gamelobby.cpp:1779]: Exception in: C:\mnt\gsg\hoi4\hoi4_merged\clausewitz\clausewitzlib\remotefile.cpp, line: 238. Description: Failed allocate data buffer.
[17:34:18][2160.09.10.04][state_effect_implementation.cpp:1845]: Failed to find building for damage effect
[17:38:32][2160.11.12.10][texturehandler.cpp:216]: Couldn't find texture file: ''
[17:43:04][2161.02.14.22][pdx_audiosound_sdl.cpp:136]: For best performance and quality sound files should be in 44.1kHz (player_declare_war_01)
[17:50:03][2161.09.15.16][pdx_audiosound_sdl.cpp:136]: For best performance and quality sound files should be in 44.1kHz (superevent_stelander_shabrat_victory_sound)
[17:53:50][2162.05.17.16][texturehandler.cpp:160]: Texture Handler encountered missing texture file: gfx//interface//researching_anim_strip.dds
[17:53:50][2162.05.17.16][texturehandler.cpp:216]: Couldn't find texture file: 'gfx//interface//researching_anim_strip.dds'
[17:54:08][2162.06.06.22][effectimplementation.cpp:1848]: common/national_focus/ADISCORD_STP_civil_war.txt:2042: add_ideas: Invalid idea: ADISCORD_staff_STS_Mikhail_Rakitin. If you wanted to reference a variable, you need to explicitly prefix it with var: or temp_var:.
[17:54:08][2162.06.06.22][effectimplementation.cpp:1848]: common/national_focus/ADISCORD_STP_civil_war.txt:2042: add_ideas: Invalid idea: ADISCORD_staff_STS_Mikhail_Rakitin. If you wanted to reference a variable, you need to explicitly prefix it with var: or temp_var:.
[17:54:08][2162.06.06.22][effectimplementation.cpp:1848]: common/national_focus/ADISCORD_STP_civil_war.txt:2042: add_ideas: Invalid idea: ADISCORD_staff_STS_Mikhail_Rakitin. If you wanted to reference a variable, you need to explicitly prefix it with var: or temp_var:.
[17:54:08][2162.06.06.22][effectimplementation.cpp:1848]: common/national_focus/ADISCORD_STP_civil_war.txt:2042: add_ideas: Invalid idea: ADISCORD_staff_STS_Mikhail_Rakitin. If you wanted to reference a variable, you need to explicitly prefix it with var: or temp_var:.
[17:54:08][2162.06.06.22][effectimplementation.cpp:1848]: common/national_focus/ADISCORD_STP_civil_war.txt:2042: add_ideas: Invalid idea: ADISCORD_staff_STS_Mikhail_Rakitin. If you wanted to reference a variable, you need to explicitly prefix it with var: or temp_var:.
[17:54:08][2162.06.06.22][effectimplementation.cpp:1848]: common/national_focus/ADISCORD_STP_civil_war.txt:2042: add_ideas: Invalid idea: ADISCORD_staff_STS_Mikhail_Rakitin. If you wanted to reference a variable, you need to explicitly prefix it with var: or temp_var:.
[17:54:08][2162.06.06.22][effectimplementation.cpp:1848]: common/national_focus/ADISCORD_STP_civil_war.txt:2042: add_ideas: Invalid idea: ADISCORD_staff_STS_Mikhail_Rakitin. If you wanted to reference a variable, you need to explicitly prefix it with var: or temp_var:.
[17:54:08][2162.06.06.22][effectimplementation.cpp:1848]: common/national_focus/ADISCORD_STP_civil_war.txt:2042: add_ideas: Invalid idea: ADISCORD_staff_STS_Mikhail_Rakitin. If you wanted to reference a variable, you need to explicitly prefix it with var: or temp_var:.
[17:54:08][2162.06.06.22][effectimplementation.cpp:1848]: common/national_focus/ADISCORD_STP_civil_war.txt:2042: add_ideas: Invalid idea: ADISCORD_staff_STS_Mikhail_Rakitin. If you wanted to reference a variable, you need to explicitly prefix it with var: or temp_var:.
[17:54:08][2162.06.06.22][effectimplementation.cpp:1848]: common/national_focus/ADISCORD_STP_civil_war.txt:2042: add_ideas: Invalid idea: ADISCORD_staff_STS_Mikhail_Rakitin. If you wanted to reference a variable, you need to explicitly prefix it with var: or temp_var:.
[17:54:08][2162.06.06.22][effectimplementation.cpp:1848]: common/national_focus/ADISCORD_STP_civil_war.txt:2042: add_ideas: Invalid idea: ADISCORD_staff_STS_Mikhail_Rakitin. If you wanted to reference a variable, you need to explicitly prefix it with var: or temp_var:.
[17:54:08][2162.06.06.22][effectimplementation.cpp:1848]: common/national_focus/ADISCORD_STP_civil_war.txt:2042: add_ideas: Invalid idea: ADISCORD_staff_STS_Mikhail_Rakitin. If you wanted to reference a variable, you need to explicitly prefix it with var: or temp_var:.
[17:54:08][2162.06.06.22][effectimplementation.cpp:1848]: common/national_focus/ADISCORD_STP_civil_war.txt:2042: add_ideas: Invalid idea: ADISCORD_staff_STS_Mikhail_Rakitin. If you wanted to reference a variable, you need to explicitly prefix it with var: or temp_var:.
[17:54:08][2162.06.06.22][effectimplementation.cpp:1848]: common/national_focus/ADISCORD_STP_civil_war.txt:2042: add_ideas: Invalid idea: ADISCORD_staff_STS_Mikhail_Rakitin. If you wanted to reference a variable, you need to explicitly prefix it with var: or temp_var:.
[17:54:08][2162.06.06.22][effectimplementation.cpp:1848]: common/national_focus/ADISCORD_STP_civil_war.txt:2042: add_ideas: Invalid idea: ADISCORD_staff_STS_Mikhail_Rakitin. If you wanted to reference a variable, you need to explicitly prefix it with var: or temp_var:.
[17:54:08][2162.06.06.22][effectimplementation.cpp:1848]: common/national_focus/ADISCORD_STP_civil_war.txt:2042: add_ideas: Invalid idea: ADISCORD_staff_STS_Mikhail_Rakitin. If you wanted to reference a variable, you need to explicitly prefix it with var: or temp_var:.
[17:54:08][2162.06.06.22][effectimplementation.cpp:1848]: common/national_focus/ADISCORD_STP_civil_war.txt:2042: add_ideas: Invalid idea: ADISCORD_staff_STS_Mikhail_Rakitin. If you wanted to reference a variable, you need to explicitly prefix it with var: or temp_var:.
[17:54:08][2162.06.06.22][effectimplementation.cpp:1848]: common/national_focus/ADISCORD_STP_civil_war.txt:2042: add_ideas: Invalid idea: ADISCORD_staff_STS_Mikhail_Rakitin. If you wanted to reference a variable, you need to explicitly prefix it with var: or temp_var:.
[17:57:01][2162.12.31.21][pdx_audiosound_sdl.cpp:136]: For best performance and quality sound files should be in 44.1kHz (superevent_nam_resource_war_sound)
[17:57:44][2163.03.01.01][persistent.cpp:67]: Error: "Malformed token: Rusnian Rifle Brigade, near line: 1" in file: "" near line: 1
[17:57:44][2163.03.01.01][effectimplementation.cpp:12803]: common/national_focus/ADISCORD_national_focus_RUS.txt:2242: create_unit error reading army data: 
division_template = "Rusnian Rifle Brigade" start_experience_factor = 0.16 start_equipment_factor = 0.75
[17:57:44][2163.03.01.01][effectimplementation.cpp:12840]: common/national_focus/ADISCORD_national_focus_RUS.txt:2242: create_unit -- division string was not parsed correctly
[17:57:44][2163.03.01.01][persistent.cpp:67]: Error: "Malformed token: Rusnian Rifle Brigade, near line: 1" in file: "" near line: 1
[17:57:44][2163.03.01.01][effectimplementation.cpp:12803]: common/national_focus/ADISCORD_national_focus_RUS.txt:2242: create_unit error reading army data: 
division_template = "Rusnian Rifle Brigade" start_experience_factor = 0.16 start_equipment_factor = 0.75
[17:57:44][2163.03.01.01][effectimplementation.cpp:12840]: common/national_focus/ADISCORD_national_focus_RUS.txt:2242: create_unit -- division string was not parsed correctly
[17:57:44][2163.03.01.01][persistent.cpp:67]: Error: "Malformed token: Rusnian Rifle Brigade, near line: 1" in file: "" near line: 1
[17:57:44][2163.03.01.01][effectimplementation.cpp:12803]: common/national_focus/ADISCORD_national_focus_RUS.txt:2242: create_unit error reading army data: 
division_template = "Rusnian Rifle Brigade" start_experience_factor = 0.16 start_equipment_factor = 0.75
[17:57:44][2163.03.01.01][effectimplementation.cpp:12840]: common/national_focus/ADISCORD_national_focus_RUS.txt:2242: create_unit -- division string was not parsed correctly
[17:57:44][2163.03.01.01][persistent.cpp:67]: Error: "Malformed token: Rusnian Rifle Brigade, near line: 1" in file: "" near line: 1
[17:57:44][2163.03.01.01][effectimplementation.cpp:12803]: common/national_focus/ADISCORD_national_focus_RUS.txt:2242: create_unit error reading army data: 
division_template = "Rusnian Rifle Brigade" start_experience_factor = 0.16 start_equipment_factor = 0.75
[17:57:44][2163.03.01.01][effectimplementation.cpp:12840]: common/national_focus/ADISCORD_national_focus_RUS.txt:2242: create_unit -- division string was not parsed correctly
[17:57:44][2163.03.01.01][persistent.cpp:67]: Error: "Malformed token: Rusnian Rifle Brigade, near line: 1" in file: "" near line: 1
[17:57:44][2163.03.01.01][effectimplementation.cpp:12803]: common/national_focus/ADISCORD_national_focus_RUS.txt:2242: create_unit error reading army data: 
division_template = "Rusnian Rifle Brigade" start_experience_factor = 0.16 start_equipment_factor = 0.75
[17:57:44][2163.03.01.01][effectimplementation.cpp:12840]: common/national_focus/ADISCORD_national_focus_RUS.txt:2242: create_unit -- division string was not parsed correctly
[18:00:01][2163.07.14.24][pdx_audiosound_sdl.cpp:136]: For best performance and quality sound files should be in 44.1kHz (superevent_vorkerland_dirty_opening_sound)
[18:02:10][2163.11.15.14][pdx_audiosound_sdl.cpp:136]: For best performance and quality sound files should be in 44.1kHz (superevent_vorkerland_worker_victory_sound)
[18:07:12][2164.09.22.01][effectimplementation.cpp:2001]: common/national_focus/ADISCORD_STP_civil_war.txt:2042: add_ideas: Invalid idea: ADISCORD_staff_STS_Mikhail_Rakitin. If you wanted to reference a variable, you need to explicitly prefix it with var: or temp_var:.
[18:09:29][2165.01.30.01][persistent.cpp:67]: Error: "Malformed token: Rusnian Rifle Brigade, near line: 1" in file: "" near line: 1
[18:09:29][2165.01.30.01][effectimplementation.cpp:12803]: common/national_focus/ADISCORD_national_focus_RUS.txt:363: create_unit error reading army data: 
division_template = "Rusnian Rifle Brigade" start_experience_factor = 0.16 start_equipment_factor = 0.75
[18:09:29][2165.01.30.01][effectimplementation.cpp:12840]: common/national_focus/ADISCORD_national_focus_RUS.txt:363: create_unit -- division string was not parsed correctly
[18:09:29][2165.01.30.01][persistent.cpp:67]: Error: "Malformed token: Rusnian Rifle Brigade, near line: 1" in file: "" near line: 1
[18:09:29][2165.01.30.01][effectimplementation.cpp:12803]: common/national_focus/ADISCORD_national_focus_RUS.txt:363: create_unit error reading army data: 
division_template = "Rusnian Rifle Brigade" start_experience_factor = 0.16 start_equipment_factor = 0.75
[18:09:29][2165.01.30.01][effectimplementation.cpp:12840]: common/national_focus/ADISCORD_national_focus_RUS.txt:363: create_unit -- division string was not parsed correctly
[18:09:29][2165.01.30.01][persistent.cpp:67]: Error: "Malformed token: Rusnian Rifle Brigade, near line: 1" in file: "" near line: 1
[18:09:29][2165.01.30.01][effectimplementation.cpp:12803]: common/national_focus/ADISCORD_national_focus_RUS.txt:363: create_unit error reading army data: 
division_template = "Rusnian Rifle Brigade" start_experience_factor = 0.16 start_equipment_factor = 0.75
[18:09:29][2165.01.30.01][effectimplementation.cpp:12840]: common/national_focus/ADISCORD_national_focus_RUS.txt:363: create_unit -- division string was not parsed correctly
[18:09:29][2165.01.30.01][persistent.cpp:67]: Error: "Malformed token: Rusnian Rifle Brigade, near line: 1" in file: "" near line: 1
[18:09:29][2165.01.30.01][effectimplementation.cpp:12803]: common/national_focus/ADISCORD_national_focus_RUS.txt:363: create_unit error reading army data: 
division_template = "Rusnian Rifle Brigade" start_experience_factor = 0.16 start_equipment_factor = 0.75
[18:09:29][2165.01.30.01][effectimplementation.cpp:12840]: common/national_focus/ADISCORD_national_focus_RUS.txt:363: create_unit -- division string was not parsed correctly
[18:09:29][2165.01.30.01][persistent.cpp:67]: Error: "Malformed token: Rusnian Rifle Brigade, near line: 1" in file: "" near line: 1
[18:09:29][2165.01.30.01][effectimplementation.cpp:12803]: common/national_focus/ADISCORD_national_focus_RUS.txt:363: create_unit error reading army data: 
division_template = "Rusnian Rifle Brigade" start_experience_factor = 0.16 start_equipment_factor = 0.75
[18:09:29][2165.01.30.01][effectimplementation.cpp:12840]: common/national_focus/ADISCORD_national_focus_RUS.txt:363: create_unit -- division string was not parsed correctly
[18:10:57][2165.03.09.20][pdx_audiosound_sdl.cpp:136]: For best performance and quality sound files should be in 44.1kHz (player_declare_war_01)
[18:14:22][2165.10.24.03][pdx_audiosound_sdl.cpp:136]: For best performance and quality sound files should be in 44.1kHz (player_declare_war_01)
[18:18:19][2166.05.28.24][effectimplementation.cpp:1848]: common/national_focus/ADISCORD_national_focus_VAL.txt:3733: add_ideas: Invalid idea: ADISCORD_staff_VAL_Vladimir_Litvin. If you wanted to reference a variable, you need to explicitly prefix it with var: or temp_var:.
[18:18:19][2166.05.28.24][effectimplementation.cpp:1848]: common/national_focus/ADISCORD_national_focus_VAL.txt:3733: add_ideas: Invalid idea: ADISCORD_staff_VAL_Vladimir_Litvin. If you wanted to reference a variable, you need to explicitly prefix it with var: or temp_var:.
[18:18:19][2166.05.28.24][effectimplementation.cpp:1848]: common/national_focus/ADISCORD_national_focus_VAL.txt:3733: add_ideas: Invalid idea: ADISCORD_staff_VAL_Vladimir_Litvin. If you wanted to reference a variable, you need to explicitly prefix it with var: or temp_var:.
[18:18:19][2166.05.28.24][effectimplementation.cpp:1848]: common/national_focus/ADISCORD_national_focus_VAL.txt:3733: add_ideas: Invalid idea: ADISCORD_staff_VAL_Vladimir_Litvin. If you wanted to reference a variable, you need to explicitly prefix it with var: or temp_var:.
[18:18:19][2166.05.28.24][effectimplementation.cpp:1848]: common/national_focus/ADISCORD_national_focus_VAL.txt:3733: add_ideas: Invalid idea: ADISCORD_staff_VAL_Vladimir_Litvin. If you wanted to reference a variable, you need to explicitly prefix it with var: or temp_var:.
[18:18:19][2166.05.28.24][effectimplementation.cpp:1848]: common/national_focus/ADISCORD_national_focus_VAL.txt:3733: add_ideas: Invalid idea: ADISCORD_staff_VAL_Vladimir_Litvin. If you wanted to reference a variable, you need to explicitly prefix it with var: or temp_var:.
[18:18:19][2166.05.28.24][effectimplementation.cpp:1848]: common/national_focus/ADISCORD_national_focus_VAL.txt:3733: add_ideas: Invalid idea: ADISCORD_staff_VAL_Vladimir_Litvin. If you wanted to reference a variable, you need to explicitly prefix it with var: or temp_var:.
[18:18:19][2166.05.28.24][effectimplementation.cpp:1848]: common/national_focus/ADISCORD_national_focus_VAL.txt:3733: add_ideas: Invalid idea: ADISCORD_staff_VAL_Vladimir_Litvin. If you wanted to reference a variable, you need to explicitly prefix it with var: or temp_var:.
[18:18:19][2166.05.28.24][effectimplementation.cpp:1848]: common/national_focus/ADISCORD_national_focus_VAL.txt:3733: add_ideas: Invalid idea: ADISCORD_staff_VAL_Vladimir_Litvin. If you wanted to reference a variable, you need to explicitly prefix it with var: or temp_var:.
[18:18:19][2166.05.28.24][effectimplementation.cpp:1848]: common/national_focus/ADISCORD_national_focus_VAL.txt:3733: add_ideas: Invalid idea: ADISCORD_staff_VAL_Vladimir_Litvin. If you wanted to reference a variable, you need to explicitly prefix it with var: or temp_var:.
[18:18:19][2166.05.28.24][effectimplementation.cpp:1848]: common/national_focus/ADISCORD_national_focus_VAL.txt:3733: add_ideas: Invalid idea: ADISCORD_staff_VAL_Vladimir_Litvin. If you wanted to reference a variable, you need to explicitly prefix it with var: or temp_var:.
[18:18:19][2166.05.28.24][effectimplementation.cpp:1848]: common/national_focus/ADISCORD_national_focus_VAL.txt:3733: add_ideas: Invalid idea: ADISCORD_staff_VAL_Vladimir_Litvin. If you wanted to reference a variable, you need to explicitly prefix it with var: or temp_var:.
[18:18:19][2166.05.28.24][effectimplementation.cpp:1848]: common/national_focus/ADISCORD_national_focus_VAL.txt:3733: add_ideas: Invalid idea: ADISCORD_staff_VAL_Vladimir_Litvin. If you wanted to reference a variable, you need to explicitly prefix it with var: or temp_var:.
[18:18:19][2166.05.28.24][effectimplementation.cpp:1848]: common/national_focus/ADISCORD_national_focus_VAL.txt:3733: add_ideas: Invalid idea: ADISCORD_staff_VAL_Vladimir_Litvin. If you wanted to reference a variable, you need to explicitly prefix it with var: or temp_var:.
[18:18:19][2166.05.28.24][effectimplementation.cpp:1848]: common/national_focus/ADISCORD_national_focus_VAL.txt:3733: add_ideas: Invalid idea: ADISCORD_staff_VAL_Vladimir_Litvin. If you wanted to reference a variable, you need to explicitly prefix it with var: or temp_var:.
[18:18:19][2166.05.28.24][effectimplementation.cpp:1848]: common/national_focus/ADISCORD_national_focus_VAL.txt:3733: add_ideas: Invalid idea: ADISCORD_staff_VAL_Vladimir_Litvin. If you wanted to reference a variable, you need to explicitly prefix it with var: or temp_var:.
[18:18:19][2166.05.28.24][effectimplementation.cpp:1848]: common/national_focus/ADISCORD_national_focus_VAL.txt:3733: add_ideas: Invalid idea: ADISCORD_staff_VAL_Vladimir_Litvin. If you wanted to reference a variable, you need to explicitly prefix it with var: or temp_var:.
[18:18:19][2166.05.28.24][effectimplementation.cpp:1848]: common/national_focus/ADISCORD_national_focus_VAL.txt:3733: add_ideas: Invalid idea: ADISCORD_staff_VAL_Vladimir_Litvin. If you wanted to reference a variable, you need to explicitly prefix it with var: or temp_var:.
[18:18:19][2166.05.28.24][effectimplementation.cpp:1848]: common/national_focus/ADISCORD_national_focus_VAL.txt:3733: add_ideas: Invalid idea: ADISCORD_staff_VAL_Vladimir_Litvin. If you wanted to reference a variable, you need to explicitly prefix it with var: or temp_var:.
[18:18:19][2166.05.28.24][effectimplementation.cpp:1848]: common/national_focus/ADISCORD_national_focus_VAL.txt:3733: add_ideas: Invalid idea: ADISCORD_staff_VAL_Vladimir_Litvin. If you wanted to reference a variable, you need to explicitly prefix it with var: or temp_var:.
[18:18:19][2166.05.28.24][effectimplementation.cpp:1848]: common/national_focus/ADISCORD_national_focus_VAL.txt:3733: add_ideas: Invalid idea: ADISCORD_staff_VAL_Vladimir_Litvin. If you wanted to reference a variable, you need to explicitly prefix it with var: or temp_var:.
[18:18:19][2166.05.28.24][effectimplementation.cpp:1848]: common/national_focus/ADISCORD_national_focus_VAL.txt:3733: add_ideas: Invalid idea: ADISCORD_staff_VAL_Vladimir_Litvin. If you wanted to reference a variable, you need to explicitly prefix it with var: or temp_var:.
[18:18:19][2166.05.28.24][effectimplementation.cpp:1848]: common/national_focus/ADISCORD_national_focus_VAL.txt:3733: add_ideas: Invalid idea: ADISCORD_staff_VAL_Vladimir_Litvin. If you wanted to reference a variable, you need to explicitly prefix it with var: or temp_var:.
[18:18:19][2166.05.28.24][effectimplementation.cpp:1848]: common/national_focus/ADISCORD_national_focus_VAL.txt:3733: add_ideas: Invalid idea: ADISCORD_staff_VAL_Vladimir_Litvin. If you wanted to reference a variable, you need to explicitly prefix it with var: or temp_var:.
[18:18:19][2166.05.28.24][effectimplementation.cpp:1848]: common/national_focus/ADISCORD_national_focus_VAL.txt:3733: add_ideas: Invalid idea: ADISCORD_staff_VAL_Vladimir_Litvin. If you wanted to reference a variable, you need to explicitly prefix it with var: or temp_var:.
[18:18:19][2166.05.28.24][effectimplementation.cpp:1848]: common/national_focus/ADISCORD_national_focus_VAL.txt:3733: add_ideas: Invalid idea: ADISCORD_staff_VAL_Vladimir_Litvin. If you wanted to reference a variable, you need to explicitly prefix it with var: or temp_var:.
[18:18:19][2166.05.28.24][effectimplementation.cpp:1848]: common/national_focus/ADISCORD_national_focus_VAL.txt:3733: add_ideas: Invalid idea: ADISCORD_staff_VAL_Vladimir_Litvin. If you wanted to reference a variable, you need to explicitly prefix it with var: or temp_var:.
[18:18:19][2166.05.28.24][effectimplementation.cpp:1848]: common/national_focus/ADISCORD_national_focus_VAL.txt:3733: add_ideas: Invalid idea: ADISCORD_staff_VAL_Vladimir_Litvin. If you wanted to reference a variable, you need to explicitly prefix it with var: or temp_var:.
[18:18:19][2166.05.28.24][effectimplementation.cpp:1848]: common/national_focus/ADISCORD_national_focus_VAL.txt:3733: add_ideas: Invalid idea: ADISCORD_staff_VAL_Vladimir_Litvin. If you wanted to reference a variable, you need to explicitly prefix it with var: or temp_var:.
[18:18:19][2166.05.28.24][effectimplementation.cpp:1848]: common/national_focus/ADISCORD_national_focus_VAL.txt:3733: add_ideas: Invalid idea: ADISCORD_staff_VAL_Vladimir_Litvin. If you wanted to reference a variable, you need to explicitly prefix it with var: or temp_var:.
[18:18:19][2166.05.28.24][effectimplementation.cpp:1848]: common/national_focus/ADISCORD_national_focus_VAL.txt:3733: add_ideas: Invalid idea: ADISCORD_staff_VAL_Vladimir_Litvin. If you wanted to reference a variable, you need to explicitly prefix it with var: or temp_var:.
[18:18:19][2166.05.28.24][effectimplementation.cpp:1848]: common/national_focus/ADISCORD_national_focus_VAL.txt:3733: add_ideas: Invalid idea: ADISCORD_staff_VAL_Vladimir_Litvin. If you wanted to reference a variable, you need to explicitly prefix it with var: or temp_var:.
[18:18:19][2166.05.28.24][effectimplementation.cpp:1848]: common/national_focus/ADISCORD_national_focus_VAL.txt:3733: add_ideas: Invalid idea: ADISCORD_staff_VAL_Vladimir_Litvin. If you wanted to reference a variable, you need to explicitly prefix it with var: or temp_var:.
[18:18:19][2166.05.28.24][effectimplementation.cpp:1848]: common/national_focus/ADISCORD_national_focus_VAL.txt:3733: add_ideas: Invalid idea: ADISCORD_staff_VAL_Vladimir_Litvin. If you wanted to reference a variable, you need to explicitly prefix it with var: or temp_var:.
[18:18:19][2166.05.28.24][effectimplementation.cpp:1848]: common/national_focus/ADISCORD_national_focus_VAL.txt:3733: add_ideas: Invalid idea: ADISCORD_staff_VAL_Vladimir_Litvin. If you wanted to reference a variable, you need to explicitly prefix it with var: or temp_var:.
[18:18:19][2166.05.28.24][effectimplementation.cpp:1848]: common/national_focus/ADISCORD_national_focus_VAL.txt:3733: add_ideas: Invalid idea: ADISCORD_staff_VAL_Vladimir_Litvin. If you wanted to reference a variable, you need to explicitly prefix it with var: or temp_var:.
[18:18:19][2166.05.28.24][effectimplementation.cpp:1848]: common/national_focus/ADISCORD_national_focus_VAL.txt:3733: add_ideas: Invalid idea: ADISCORD_staff_VAL_Vladimir_Litvin. If you wanted to reference a variable, you need to explicitly prefix it with var: or temp_var:.
[18:18:19][2166.05.28.24][effectimplementation.cpp:1848]: common/national_focus/ADISCORD_national_focus_VAL.txt:3733: add_ideas: Invalid idea: ADISCORD_staff_VAL_Vladimir_Litvin. If you wanted to reference a variable, you need to explicitly prefix it with var: or temp_var:.
[18:18:19][2166.05.28.24][effectimplementation.cpp:1848]: common/national_focus/ADISCORD_national_focus_VAL.txt:3733: add_ideas: Invalid idea: ADISCORD_staff_VAL_Vladimir_Litvin. If you wanted to reference a variable, you need to explicitly prefix it with var: or temp_var:.
[18:18:19][2166.05.28.24][effectimplementation.cpp:1848]: common/national_focus/ADISCORD_national_focus_VAL.txt:3733: add_ideas: Invalid idea: ADISCORD_staff_VAL_Vladimir_Litvin. If you wanted to reference a variable, you need to explicitly prefix it with var: or temp_var:.
[18:18:19][2166.05.28.24][effectimplementation.cpp:1848]: common/national_focus/ADISCORD_national_focus_VAL.txt:3733: add_ideas: Invalid idea: ADISCORD_staff_VAL_Vladimir_Litvin. If you wanted to reference a variable, you need to explicitly prefix it with var: or temp_var:.
[18:18:19][2166.05.28.24][effectimplementation.cpp:1848]: common/national_focus/ADISCORD_national_focus_VAL.txt:3733: add_ideas: Invalid idea: ADISCORD_staff_VAL_Vladimir_Litvin. If you wanted to reference a variable, you need to explicitly prefix it with var: or temp_var:.
[18:18:19][2166.05.28.24][effectimplementation.cpp:1848]: common/national_focus/ADISCORD_national_focus_VAL.txt:3733: add_ideas: Invalid idea: ADISCORD_staff_VAL_Vladimir_Litvin. If you wanted to reference a variable, you need to explicitly prefix it with var: or temp_var:.
[18:18:19][2166.05.28.24][effectimplementation.cpp:1848]: common/national_focus/ADISCORD_national_focus_VAL.txt:3733: add_ideas: Invalid idea: ADISCORD_staff_VAL_Vladimir_Litvin. If you wanted to reference a variable, you need to explicitly prefix it with var: or temp_var:.
[18:18:19][2166.05.28.24][effectimplementation.cpp:1848]: common/national_focus/ADISCORD_national_focus_VAL.txt:3733: add_ideas: Invalid idea: ADISCORD_staff_VAL_Vladimir_Litvin. If you wanted to reference a variable, you need to explicitly prefix it with var: or temp_var:.
[18:18:19][2166.05.28.24][effectimplementation.cpp:1848]: common/national_focus/ADISCORD_national_focus_VAL.txt:3733: add_ideas: Invalid idea: ADISCORD_staff_VAL_Vladimir_Litvin. If you wanted to reference a variable, you need to explicitly prefix it with var: or temp_var:.
[18:18:19][2166.05.28.24][effectimplementation.cpp:1848]: common/national_focus/ADISCORD_national_focus_VAL.txt:3733: add_ideas: Invalid idea: ADISCORD_staff_VAL_Vladimir_Litvin. If you wanted to reference a variable, you need to explicitly prefix it with var: or temp_var:.
[18:22:22][2167.02.01.01][pdx_audiosound_sdl.cpp:136]: For best performance and quality sound files should be in 44.1kHz (player_declare_war_01)
[18:23:37][2167.03.27.23][pdx_audiosound_sdl.cpp:136]: For best performance and quality sound files should be in 44.1kHz (superevent_val_commonwealth_sound)
[18:26:21][2167.09.09.10][pdx_audiosound_sdl.cpp:136]: For best performance and quality sound files should be in 44.1kHz (player_declare_war_01)
[18:27:10][2167.11.24.05][pdx_audiosound_sdl.cpp:136]: For best performance and quality sound files should be in 44.1kHz (player_declare_war_01)
[18:28:06][2167.12.27.01][pdx_audiosound_sdl.cpp:136]: For best performance and quality sound files should be in 44.1kHz (player_declare_war_01)
[18:29:08][2168.03.07.01][pdx_audiosound_sdl.cpp:136]: For best performance and quality sound files should be in 44.1kHz (player_declare_war_01)
