[17:33:31][no_game_date][defines.cpp:270]: 4470 defines loaded
[17:33:42][no_game_date][gamestate.cpp:2844]: Loaded 16815 provinces.
[17:33:46][no_game_date][gameapplication.cpp:2968]: Resetting game
[17:33:47][2160.01.01.01][history.cpp:165]: Executing History from -1.1.1.1 to  2.1.1.1
[17:33:47][2160.01.01.12][history.cpp:165]: Executing History from 2.1.1.1 to  2160.1.1.12
[17:34:06][2160.09.01.02][frontend.cpp:682]: 

		[[ Launching SINGLEPLAYER-game ]]
	Start-date: 2160.9.1.2

[17:34:07][2160.09.01.02][ingameidler.cpp:5173]: Start RestoreDeviceObjects
[17:34:08][2160.09.01.02][ingameidler.cpp:5323]: End RestoreDeviceObjects
[17:34:13][2160.09.02.10][effectbase.cpp:1783]:  STP exact producer-aware rifle payment=24000
[17:35:22][2160.09.23.06][effectbase.cpp:1783]:  STP exact producer-aware rifle payment=24000
[17:36:43][2160.10.03.16][effectbase.cpp:1783]:  STP exact producer-aware rifle payment=2400
[17:37:34][2160.10.21.09][effectbase.cpp:1783]:  STP exact producer-aware rifle payment=2400
[17:37:34][2160.10.21.09][effectbase.cpp:1783]:  STP exact producer-aware rifle payment=24000
[17:37:44][2160.10.25.01][effectbase.cpp:1783]:  NOD push held ground: no stall
[17:38:13][2160.11.04.23][effectbase.cpp:1783]:  STP exact producer-aware rifle payment=2400
[17:38:29][2160.11.11.05][effectbase.cpp:1783]:  STP exact producer-aware rifle payment=24000
[17:38:55][2160.11.21.02][effectbase.cpp:1783]:  Election mandate recorded; civil-war split requested
[17:38:55][2160.11.21.03][effectbase.cpp:1783]:  after demobilisation, before split: manpower=446576 rifles=243759
[17:38:55][2160.11.21.03][effectbase.cpp:1783]:  newborn STS engine manpower=787
[17:38:55][2160.11.21.03][effectbase.cpp:1783]:  newborn SRP engine manpower=630
[17:38:55][2160.11.21.03][effectbase.cpp:1783]:  STP proportional allocation: manpower=147059 rifles=95669.83865
[17:38:55][2160.11.21.03][effectbase.cpp:1783]:  STS proportional allocation: manpower=163327 rifles=105475.11094
[17:38:55][2160.11.21.03][effectbase.cpp:1783]:  SRP proportional allocation: manpower=51854 rifles=44132.05039
[17:38:55][2160.11.21.03][effectbase.cpp:1783]:  state 28 sabotage escrow paid=2400
[17:38:55][2160.11.21.03][effectbase.cpp:1783]:  state 29 sabotage escrow paid=2400
[17:38:55][2160.11.21.03][effectbase.cpp:1783]:  STP exact producer-aware rifle payment=5400
[17:38:55][2160.11.21.03][effectbase.cpp:1783]:  STP brigade paid: 6000 manpower, 5400 rifles; remaining manpower=109459 rifles=66629.83865
[17:38:55][2160.11.21.03][effectbase.cpp:1783]:  STP exact producer-aware rifle payment=5400
[17:38:55][2160.11.21.03][effectbase.cpp:1783]:  STP brigade paid: 6000 manpower, 5400 rifles; remaining manpower=103459 rifles=61229.83865
[17:38:55][2160.11.21.03][effectbase.cpp:1783]:  STP exact producer-aware rifle payment=5400
[17:38:55][2160.11.21.03][effectbase.cpp:1783]:  STP brigade paid: 6000 manpower, 5400 rifles; remaining manpower=97459 rifles=55829.83865
[17:38:55][2160.11.21.03][effectbase.cpp:1783]:  STP exact producer-aware rifle payment=5400
[17:38:55][2160.11.21.03][effectbase.cpp:1783]:  STP brigade paid: 6000 manpower, 5400 rifles; remaining manpower=91459 rifles=50429.83865
[17:38:55][2160.11.21.03][effectbase.cpp:1783]:  STP exact producer-aware rifle payment=5400
[17:38:55][2160.11.21.03][effectbase.cpp:1783]:  STP brigade paid: 6000 manpower, 5400 rifles; remaining manpower=85459 rifles=45029.83865
[17:38:55][2160.11.21.03][effectbase.cpp:1783]:  STP exact producer-aware rifle payment=5400
[17:38:55][2160.11.21.03][effectbase.cpp:1783]:  STP brigade paid: 6000 manpower, 5400 rifles; remaining manpower=79459 rifles=39629.83865
[17:38:55][2160.11.21.03][effectbase.cpp:1783]:  STP exact producer-aware rifle payment=5400
[17:38:55][2160.11.21.03][effectbase.cpp:1783]:  STP brigade paid: 6000 manpower, 5400 rifles; remaining manpower=73459 rifles=34229.83865
[17:38:55][2160.11.21.03][effectbase.cpp:1783]:  STP exact producer-aware rifle payment=5400
[17:38:55][2160.11.21.03][effectbase.cpp:1783]:  STP brigade paid: 6000 manpower, 5400 rifles; remaining manpower=67459 rifles=28829.83865
[17:38:55][2160.11.21.03][effectbase.cpp:1783]:  STP exact producer-aware rifle payment=5400
[17:38:55][2160.11.21.03][effectbase.cpp:1783]:  STP brigade paid: 6000 manpower, 5400 rifles; remaining manpower=61459 rifles=23429.83865
[17:38:55][2160.11.21.03][effectbase.cpp:1783]:  STP exact producer-aware rifle payment=5400
[17:38:55][2160.11.21.03][effectbase.cpp:1783]:  STP brigade paid: 6000 manpower, 5400 rifles; remaining manpower=55459 rifles=18029.83865
[17:38:55][2160.11.21.03][effectbase.cpp:1783]:  STP exact producer-aware rifle payment=5400
[17:38:55][2160.11.21.03][effectbase.cpp:1783]:  STP brigade paid: 6000 manpower, 5400 rifles; remaining manpower=49459 rifles=12629.83865
[17:38:55][2160.11.21.03][effectbase.cpp:1783]:  STP exact producer-aware rifle payment=5400
[17:38:55][2160.11.21.03][effectbase.cpp:1783]:  STP brigade paid: 6000 manpower, 5400 rifles; remaining manpower=43459 rifles=7229.83865
[17:38:55][2160.11.21.03][effectbase.cpp:1783]:  STP exact producer-aware rifle payment=5400
[17:38:55][2160.11.21.03][effectbase.cpp:1783]:  STP brigade paid: 6000 manpower, 5400 rifles; remaining manpower=37459 rifles=1829.83865
[17:38:55][2160.11.21.03][effectbase.cpp:1783]:  STS exact producer-aware rifle payment=5400
[17:38:55][2160.11.21.03][effectbase.cpp:1783]:  STS brigade paid: 6000 manpower, 5400 rifles; remaining manpower=109927 rifles=57415.11094
[17:38:55][2160.11.21.03][effectbase.cpp:1783]:  STS exact producer-aware rifle payment=5400
[17:38:55][2160.11.21.03][effectbase.cpp:1783]:  STS brigade paid: 6000 manpower, 5400 rifles; remaining manpower=103927 rifles=52015.11094
[17:38:55][2160.11.21.03][effectbase.cpp:1783]:  STS exact producer-aware rifle payment=5400
[17:38:55][2160.11.21.03][effectbase.cpp:1783]:  STS brigade paid: 6000 manpower, 5400 rifles; remaining manpower=97927 rifles=46615.11094
[17:38:55][2160.11.21.03][effectbase.cpp:1783]:  STS exact producer-aware rifle payment=5400
[17:38:55][2160.11.21.03][effectbase.cpp:1783]:  STS brigade paid: 6000 manpower, 5400 rifles; remaining manpower=91927 rifles=41215.11094
[17:38:55][2160.11.21.03][effectbase.cpp:1783]:  STS exact producer-aware rifle payment=5400
[17:38:55][2160.11.21.03][effectbase.cpp:1783]:  STS brigade paid: 6000 manpower, 5400 rifles; remaining manpower=85927 rifles=35815.11094
[17:38:55][2160.11.21.03][effectbase.cpp:1783]:  STS exact producer-aware rifle payment=5400
[17:38:55][2160.11.21.03][effectbase.cpp:1783]:  STS brigade paid: 6000 manpower, 5400 rifles; remaining manpower=79927 rifles=30415.11094
[17:38:55][2160.11.21.03][effectbase.cpp:1783]:  STS exact producer-aware rifle payment=5400
[17:38:55][2160.11.21.03][effectbase.cpp:1783]:  STS brigade paid: 6000 manpower, 5400 rifles; remaining manpower=73927 rifles=25015.11094
[17:38:55][2160.11.21.03][effectbase.cpp:1783]:  STS exact producer-aware rifle payment=5400
[17:38:55][2160.11.21.03][effectbase.cpp:1783]:  STS brigade paid: 6000 manpower, 5400 rifles; remaining manpower=68264 rifles=19615.11094
[17:38:55][2160.11.21.03][effectbase.cpp:1783]:  STS exact producer-aware rifle payment=5400
[17:38:55][2160.11.21.03][effectbase.cpp:1783]:  STS brigade paid: 6000 manpower, 5400 rifles; remaining manpower=62264 rifles=14215.11094
[17:38:55][2160.11.21.03][effectbase.cpp:1783]:  STS exact producer-aware rifle payment=5400
[17:38:55][2160.11.21.03][effectbase.cpp:1783]:  STS brigade paid: 6000 manpower, 5400 rifles; remaining manpower=56264 rifles=8815.11094
[17:38:55][2160.11.21.03][effectbase.cpp:1783]:  STS exact producer-aware rifle payment=5400
[17:38:55][2160.11.21.03][effectbase.cpp:1783]:  STS brigade paid: 6000 manpower, 5400 rifles; remaining manpower=50264 rifles=3415.11094
[17:38:55][2160.11.21.03][effectbase.cpp:1783]:  SRP exact producer-aware rifle payment=5400
[17:38:55][2160.11.21.03][effectbase.cpp:1783]:  SRP brigade paid: 6000 manpower, 5400 rifles; remaining manpower=45854 rifles=38732.05039
[17:38:55][2160.11.21.03][effectbase.cpp:1783]:  SRP exact producer-aware rifle payment=5400
[17:38:55][2160.11.21.03][effectbase.cpp:1783]:  SRP brigade paid: 6000 manpower, 5400 rifles; remaining manpower=39854 rifles=33332.05039
[17:38:55][2160.11.21.03][effectbase.cpp:1783]:  SRP exact producer-aware rifle payment=5400
[17:38:55][2160.11.21.03][effectbase.cpp:1783]:  SRP brigade paid: 6000 manpower, 5400 rifles; remaining manpower=33854 rifles=27932.05039
[17:38:55][2160.11.21.03][effectbase.cpp:1783]:  SRP exact producer-aware rifle payment=5400
[17:38:55][2160.11.21.03][effectbase.cpp:1783]:  SRP brigade paid: 6000 manpower, 5400 rifles; remaining manpower=27854 rifles=22532.05039
[17:38:55][2160.11.21.03][effectbase.cpp:1783]:  SRP exact producer-aware rifle payment=5400
[17:38:55][2160.11.21.03][effectbase.cpp:1783]:  SRP brigade paid: 6000 manpower, 5400 rifles; remaining manpower=21854 rifles=17132.05039
[17:38:55][2160.11.21.03][effectbase.cpp:1783]:  SRP exact producer-aware rifle payment=5400
[17:38:55][2160.11.21.03][effectbase.cpp:1783]:  SRP brigade paid: 6000 manpower, 5400 rifles; remaining manpower=15854 rifles=11732.05039
[17:38:55][2160.11.21.03][effectbase.cpp:1783]:  SRP exact producer-aware rifle payment=5400
[17:38:55][2160.11.21.03][effectbase.cpp:1783]:  SRP brigade paid: 6000 manpower, 5400 rifles; remaining manpower=9854 rifles=6332.05039
[17:38:55][2160.11.21.03][effectbase.cpp:1783]:  SRP exact producer-aware rifle payment=5400
[17:38:55][2160.11.21.03][effectbase.cpp:1783]:  SRP brigade paid: 6000 manpower, 5400 rifles; remaining manpower=3854 rifles=932.05039
[17:38:55][2160.11.21.03][effectbase.cpp:1783]:  territorial and army split complete; awaiting side selection
[17:38:55][2160.11.21.03][effectbase.cpp:1783]:  hostilities begin after side selection and full territorial control setup
[17:39:35][2160.12.01.13][effectbase.cpp:1783]:  VAL exact producer-aware rifle payment=12000
[17:40:23][2160.12.18.03][effectbase.cpp:1783]:  Ivanland intervention front verified: PWR war and every settlement-state controller are reachable.
[17:40:50][2160.12.26.20][effectbase.cpp:1783]:  NOD defeated by the north: separate peace, owned 17/18 ceded to YPR
[17:42:08][2161.01.24.22][effectbase.cpp:1783]:  VAL accepted; mobilisation and ultimatum: 21 days
[17:43:04][2161.02.14.22][effectbase.cpp:1783]:  VAL ultimatum expired: real war against SRP
[17:43:34][2161.02.26.10][effectbase.cpp:1783]:  Ivanland intervention resolved: SUCCESS; IBA receives states 90-91 first, then IBL receives states 93-94.
[17:43:51][2161.03.04.08][effectbase.cpp:1783]:  Northern wars restored and verified after the bounded retry.
[17:44:40][2161.03.24.01][effectbase.cpp:1783]:  immediate military snapshot: loser=SRP occupier_code=5 reported_FROM=VAL
[17:44:40][2161.03.24.01][effectbase.cpp:1783]:  VAL military settlement: temporary administration of 43/44/45/88
[17:45:29][2161.04.18.16][effectbase.cpp:1783]:  Central district campaign exceeded 240 days; the live war remains unresolved.
[17:48:30][2161.07.17.22][effectbase.cpp:1783]:  STS exact producer-aware rifle payment=1800
[17:48:30][2161.07.17.22][effectbase.cpp:1783]:  STS exact producer-aware rifle payment=1800
[17:50:03][2161.09.15.15][effectbase.cpp:1783]:  capital occupation settlement: STS defeated STP; reported FROM=STS
[18:00:02][2163.07.15.23][effectbase.cpp:1783]:  SLA exclusion-zone setup started
[18:00:02][2163.07.15.23][effectbase.cpp:1783]:  SLA state ownership assigned
[18:00:02][2163.07.15.23][effectbase.cpp:1783]:  SLA setup completed
[18:00:03][2163.07.17.23][effectbase.cpp:1783]:  MLR exclusion-zone setup started
[18:00:03][2163.07.17.23][effectbase.cpp:1783]:  MLR state ownership assigned
[18:00:03][2163.07.17.23][effectbase.cpp:1783]:  MLR setup completed
[18:00:04][2163.07.19.23][effectbase.cpp:1783]:  RZA exclusion-zone setup started
[18:00:04][2163.07.19.23][effectbase.cpp:1783]:  RZA state ownership assigned
[18:00:04][2163.07.19.23][effectbase.cpp:1783]:  RZA setup completed
[18:00:05][2163.07.21.23][effectbase.cpp:1783]:  SCA exclusion-zone setup started
[18:00:05][2163.07.21.23][effectbase.cpp:1783]:  SCA state ownership assigned
[18:00:05][2163.07.21.23][effectbase.cpp:1783]:  SCA setup completed
[18:00:06][2163.07.23.23][effectbase.cpp:1783]:  ERT exclusion-zone setup started
[18:00:06][2163.07.23.23][effectbase.cpp:1783]:  ERT state ownership assigned
[18:00:06][2163.07.23.23][effectbase.cpp:1783]:  ERT setup completed
[18:00:07][2163.07.25.23][effectbase.cpp:1783]:  IRT exclusion-zone setup started
[18:00:07][2163.07.25.23][effectbase.cpp:1783]:  IRT state ownership assigned
[18:00:07][2163.07.25.23][effectbase.cpp:1783]:  IRT setup completed
[18:15:10][2166.01.13.01][effectbase.cpp:1783]:  Native defeat: loser=STS victor=NOD frontier=0 final_phase=0
[18:15:10][2166.01.13.01][effectbase.cpp:1783]:  immediate military snapshot: loser=STS occupier_code=5 reported_FROM=NOD
[18:15:10][2166.01.13.01][effectbase.cpp:1783]:  Concurrent VAL/NOD victory: Kefreyt border award and Nodrul dependency
[18:22:34][2167.02.19.01][effectbase.cpp:1783]:  Native defeat: loser=STP victor=VAL frontier=0 final_phase=2
[18:22:34][2167.02.19.01][effectbase.cpp:1783]:  immediate military snapshot: loser=STP occupier_code=5 reported_FROM=VAL
[18:22:34][2167.02.19.01][effectbase.cpp:1783]:  Recorded coalition defeat: ROOT=STP FROM=VAL
