A-DISCORD technology/doctrine validation: FAIL
- ADISCORD_assault_infantry needs {'infantry_equipment': 990.0, 'ADISCORD_squad_weapons_equipment': 60.0, 'support_equipment': 30.0}; expected {'infantry_equipment': 990, 'ADISCORD_squad_weapons_equipment': 24, 'support_equipment': 30}
- mountaineers needs {'infantry_equipment': 900.0, 'ADISCORD_squad_weapons_equipment': 36.0}; expected {'infantry_equipment': 900, 'ADISCORD_squad_weapons_equipment': 6}
- ADISCORD_tech_primer_consistency leads to ['ADISCORD_tech_sealed_receiver_assemblies']; expected []
- ADISCORD_tech_sealed_receiver_assemblies dependencies are []; expected ['ADISCORD_tech_primer_consistency']
- missing ADISCORD_tech_sealed_receiver_assemblies_tree gridbox in infantry_folder
- infantry_folder: ADISCORD_branch_anti_tank_infantry does not match its generated text or geometry
- infantry_folder is missing generated layout element ADISCORD_branch_assault_rifles
- infantry_folder: ADISCORD_branch_night_combat does not match its generated text or geometry
- infantry_folder: ADISCORD_branch_power_shields does not match its generated text or geometry
- infantry_folder: ADISCORD_branch_protection does not match its generated text or geometry
- infantry_folder: ADISCORD_branch_special_forces does not match its generated text or geometry
- infantry_folder: ADISCORD_branch_squad_weapons does not match its generated text or geometry
- infantry_folder: ADISCORD_tech_belt_fed_recovery_tree does not match its generated text or geometry
- infantry_folder: ADISCORD_tech_composite_protection_kits_tree does not match its generated text or geometry
- infantry_folder: ADISCORD_tech_fieldcraft_manuals_tree does not match its generated text or geometry
- infantry_folder: ADISCORD_tech_kefreyt_shield_special_forces_tree does not match its generated text or geometry
- infantry_folder: ADISCORD_tech_passive_intensifier_cells_tree does not match its generated text or geometry
- infantry_folder: ADISCORD_tech_recovered_shaped_charge_cells_tree does not match its generated text or geometry
- infantry_folder is missing generated layout element ADISCORD_tech_sealed_receiver_assemblies_tree
- technology migration manifest differs from the generator contract
- ADISCORD_economy_stabilization_package does not subtract 100 treasury
- ADISCORD_economy_invest_reserves does not subtract 50 treasury
- ADISCORD_economy_civilian_investment_action does not subtract 50 treasury
- ADISCORD_economy_military_investment_action does not subtract 50 treasury
